Nov  6 00:00:49 kubernetes-worker kernel: [  235.149458] rtw_8821ce 0000:02:00.0: firmware failed to leave lps state
Nov  6 00:02:50 kubernetes-worker kernel: [  355.780566] audit: type=1400 audit(1699225370.304:157): apparmor="DENIED" operation="capable" class="cap" profile="/snap/snapd/20290/usr/lib/snapd/snap-confine" pid=2183 comm="snap-confine" capability=12  capname="net_admin"
Nov  6 00:02:50 kubernetes-worker kernel: [  355.781668] audit: type=1400 audit(1699225370.304:158): apparmor="DENIED" operation="capable" class="cap" profile="/snap/snapd/20290/usr/lib/snapd/snap-confine" pid=2183 comm="snap-confine" capability=38  capname="perfmon"
Nov  6 00:02:50 kubernetes-worker kernel: [  355.917570] rfkill: input handler enabled
Nov  6 00:02:51 kubernetes-worker kernel: [  357.024175] rtw_8821ce 0000:02:00.0: failed to send h2c command
Nov  6 00:02:52 kubernetes-worker kernel: [  357.719374] Bluetooth: RFCOMM TTY layer initialized
Nov  6 00:02:52 kubernetes-worker kernel: [  357.719397] Bluetooth: RFCOMM socket layer initialized
Nov  6 00:02:52 kubernetes-worker kernel: [  357.719414] Bluetooth: RFCOMM ver 1.11
Nov  6 00:02:59 kubernetes-worker kernel: [  365.119537] Lockdown: systemd-logind: hibernation is restricted; see man kernel_lockdown.7
Nov  6 00:03:03 kubernetes-worker kernel: [  368.891580] rfkill: input handler disabled
Nov  6 00:03:14 kubernetes-worker kernel: [  380.166029] audit: type=1107 audit(1699225394.692:159): pid=706 uid=102 auid=4294967295 ses=4294967295 subj=unconfined msg='apparmor="DENIED" operation="dbus_method_call"  bus="system" path="/org/freedesktop/PolicyKit1/Authority" interface="org.freedesktop.DBus.Properties" member="GetAll" mask="send" name=":1.10" pid=2887 label="snap.snap-store.ubuntu-software" peer_pid=730 peer_label="unconfined"
Nov  6 00:03:14 kubernetes-worker kernel: [  380.166029]  exe="/usr/bin/dbus-daemon" sauid=102 hostname=? addr=? terminal=?'
Nov  6 00:03:14 kubernetes-worker kernel: [  380.167000] audit: type=1107 audit(1699225394.692:160): pid=706 uid=102 auid=4294967295 ses=4294967295 subj=unconfined msg='apparmor="DENIED" operation="dbus_method_call"  bus="system" path="/org/freedesktop/PolicyKit1/Authority" interface="org.freedesktop.PolicyKit1.Authority" member="CheckAuthorization" mask="send" name=":1.10" pid=2887 label="snap.snap-store.ubuntu-software" peer_pid=730 peer_label="unconfined"
Nov  6 00:03:14 kubernetes-worker kernel: [  380.167000]  exe="/usr/bin/dbus-daemon" sauid=102 hostname=? addr=? terminal=?'
Nov  6 00:03:14 kubernetes-worker kernel: [  380.172451] audit: type=1107 audit(1699225394.696:161): pid=706 uid=102 auid=4294967295 ses=4294967295 subj=unconfined msg='apparmor="DENIED" operation="dbus_method_call"  bus="system" path="/org/freedesktop/PolicyKit1/Authority" interface="org.freedesktop.DBus.Properties" member="GetAll" mask="send" name=":1.10" pid=2887 label="snap.snap-store.ubuntu-software" peer_pid=730 peer_label="unconfined"
Nov  6 00:03:14 kubernetes-worker kernel: [  380.172451]  exe="/usr/bin/dbus-daemon" sauid=102 hostname=? addr=? terminal=?'
Nov  6 00:03:14 kubernetes-worker kernel: [  380.173266] audit: type=1107 audit(1699225394.700:162): pid=706 uid=102 auid=4294967295 ses=4294967295 subj=unconfined msg='apparmor="DENIED" operation="dbus_method_call"  bus="system" path="/org/freedesktop/PolicyKit1/Authority" interface="org.freedesktop.PolicyKit1.Authority" member="CheckAuthorization" mask="send" name=":1.10" pid=2887 label="snap.snap-store.ubuntu-software" peer_pid=730 peer_label="unconfined"
Nov  6 00:03:14 kubernetes-worker kernel: [  380.173266]  exe="/usr/bin/dbus-daemon" sauid=102 hostname=? addr=? terminal=?'
Nov  6 00:03:18 kubernetes-worker kernel: [  383.618977] audit: type=1400 audit(1699225398.144:163): apparmor="DENIED" operation="open" class="file" profile="snap.snap-store.ubuntu-software" name="/etc/appstream.conf" pid=2887 comm="snap-store" requested_mask="r" denied_mask="r" fsuid=1000 ouid=0
Nov  6 00:04:57 kubernetes-worker kernel: [  482.467915] audit: type=1400 audit(1699225497.041:164): apparmor="DENIED" operation="open" class="file" profile="snap-update-ns.firefox" name="/var/lib/" pid=3751 comm="5" requested_mask="r" denied_mask="r" fsuid=0 ouid=0
Nov  6 00:04:57 kubernetes-worker kernel: [  482.478228] audit: type=1400 audit(1699225497.049:165): apparmor="DENIED" operation="open" class="file" profile="snap-update-ns.firefox" name="/var/lib/" pid=3751 comm="5" requested_mask="r" denied_mask="r" fsuid=0 ouid=0
Nov  6 00:05:07 kubernetes-worker kernel: [  493.289408] audit: type=1107 audit(1699225507.893:166): pid=706 uid=102 auid=4294967295 ses=4294967295 subj=unconfined msg='apparmor="DENIED" operation="dbus_method_call"  bus="system" path="/org/freedesktop/login1" interface="org.freedesktop.DBus.Properties" member="GetAll" mask="send" name=":1.4" pid=3733 label="snap.firefox.firefox" peer_pid=742 peer_label="unconfined"
Nov  6 00:05:07 kubernetes-worker kernel: [  493.289408]  exe="/usr/bin/dbus-daemon" sauid=102 hostname=? addr=? terminal=?'
Nov  6 00:05:08 kubernetes-worker kernel: [  493.750431] audit: type=1107 audit(1699225508.349:167): pid=706 uid=102 auid=4294967295 ses=4294967295 subj=unconfined msg='apparmor="DENIED" operation="dbus_method_call"  bus="system" path="/org/freedesktop/timedate1" interface="org.freedesktop.DBus.Properties" member="GetAll" mask="send" name=":1.135" pid=3733 label="snap.firefox.firefox" peer_pid=3912 peer_label="unconfined"
Nov  6 00:05:08 kubernetes-worker kernel: [  493.750431]  exe="/usr/bin/dbus-daemon" sauid=102 hostname=? addr=? terminal=?'
Nov  6 00:05:08 kubernetes-worker kernel: [  493.753961] audit: type=1107 audit(1699225508.353:168): pid=706 uid=102 auid=4294967295 ses=4294967295 subj=unconfined msg='apparmor="DENIED" operation="dbus_method_call"  bus="system" path="/org/freedesktop/timedate1" interface="org.freedesktop.DBus.Properties" member="GetAll" mask="send" name=":1.135" pid=3733 label="snap.firefox.firefox" peer_pid=3912 peer_label="unconfined"
Nov  6 00:05:08 kubernetes-worker kernel: [  493.753961]  exe="/usr/bin/dbus-daemon" sauid=102 hostname=? addr=? terminal=?'
Nov  6 00:05:13 kubernetes-worker kernel: [  499.065235] rtw_8821ce 0000:02:00.0: firmware failed to leave lps state
Nov  6 00:08:00 kubernetes-worker kernel: [  666.169261] intel_powerclamp: Start idle injection to reduce power
Nov  6 00:08:05 kubernetes-worker kernel: [  671.177795] intel_powerclamp: Stop forced idle injection
Nov  6 00:09:27 kubernetes-worker kernel: [  752.622297] wlo1: authenticate with e4:c3:2a:d1:f1:10
Nov  6 00:09:27 kubernetes-worker kernel: [  753.284319] wlo1: send auth to e4:c3:2a:d1:f1:10 (try 1/3)
Nov  6 00:09:27 kubernetes-worker kernel: [  753.285929] wlo1: authenticated
Nov  6 00:09:27 kubernetes-worker kernel: [  753.288162] wlo1: associate with e4:c3:2a:d1:f1:10 (try 1/3)
Nov  6 00:09:27 kubernetes-worker kernel: [  753.291728] wlo1: RX AssocResp from e4:c3:2a:d1:f1:10 (capab=0xc11 status=0 aid=1)
Nov  6 00:09:27 kubernetes-worker kernel: [  753.291962] wlo1: associated
Nov  6 00:09:27 kubernetes-worker kernel: [  753.309753] intel_powerclamp: Start idle injection to reduce power
Nov  6 00:09:31 kubernetes-worker kernel: [  757.316302] intel_powerclamp: Stop forced idle injection
Nov  6 00:10:23 kubernetes-worker kernel: [  809.307771] intel_powerclamp: Start idle injection to reduce power
Nov  6 00:10:37 kubernetes-worker kernel: [  823.323106] intel_powerclamp: Stop forced idle injection
Nov  6 00:10:40 kubernetes-worker kernel: [  826.325055] intel_powerclamp: Start idle injection to reduce power
Nov  6 00:11:08 kubernetes-worker kernel: [  853.359659] intel_powerclamp: Stop forced idle injection
Nov  6 00:11:40 kubernetes-worker kernel: [  885.392162] intel_powerclamp: Start idle injection to reduce power
Nov  6 00:11:43 kubernetes-worker kernel: [  889.038682] rtw_8821ce 0000:02:00.0: firmware failed to leave lps state
Nov  6 00:12:32 kubernetes-worker kernel: [  937.458325] intel_powerclamp: Stop forced idle injection
Nov  6 00:12:39 kubernetes-worker kernel: [  944.465790] intel_powerclamp: Start idle injection to reduce power
Nov  6 00:12:45 kubernetes-worker kernel: [  950.472997] intel_powerclamp: Stop forced idle injection
Nov  6 00:12:49 kubernetes-worker kernel: [  955.010930] rtw_8821ce 0000:02:00.0: firmware failed to leave lps state
Nov  6 00:12:57 kubernetes-worker kernel: [  962.466056] wlo1: authenticate with e4:c3:2a:d1:f1:10
Nov  6 00:12:57 kubernetes-worker kernel: [  963.113431] wlo1: send auth to e4:c3:2a:d1:f1:10 (try 1/3)
Nov  6 00:12:57 kubernetes-worker kernel: [  963.115506] wlo1: authenticated
Nov  6 00:12:57 kubernetes-worker kernel: [  963.117271] wlo1: associate with e4:c3:2a:d1:f1:10 (try 1/3)
Nov  6 00:12:57 kubernetes-worker kernel: [  963.121077] wlo1: RX AssocResp from e4:c3:2a:d1:f1:10 (capab=0xc11 status=0 aid=1)
Nov  6 00:12:57 kubernetes-worker kernel: [  963.121325] wlo1: associated
Nov  6 00:13:13 kubernetes-worker kernel: [  979.038285] rtw_8821ce 0000:02:00.0: firmware failed to leave lps state
Nov  6 00:13:17 kubernetes-worker kernel: [  983.037623] rtw_8821ce 0000:02:00.0: firmware failed to leave lps state
Nov  6 00:14:59 kubernetes-worker kernel: [ 1085.001482] rtw_8821ce 0000:02:00.0: firmware failed to leave lps state
Nov  6 00:15:13 kubernetes-worker kernel: [ 1098.652851] intel_powerclamp: Start idle injection to reduce power
Nov  6 00:15:30 kubernetes-worker kernel: [ 1115.673821] intel_powerclamp: Stop forced idle injection
Nov  6 00:15:58 kubernetes-worker kernel: [ 1143.703303] intel_powerclamp: Start idle injection to reduce power
Nov  6 00:16:02 kubernetes-worker kernel: [ 1147.707088] intel_powerclamp: Stop forced idle injection
Nov  6 00:16:11 kubernetes-worker kernel: [ 1156.716483] intel_powerclamp: Start idle injection to reduce power
Nov  6 00:16:25 kubernetes-worker kernel: [ 1170.863206] rtw_8821ce 0000:02:00.0: failed to send h2c command
Nov  6 00:16:42 kubernetes-worker kernel: [ 1187.581564] perf: interrupt took too long (2514 > 2500), lowering kernel.perf_event_max_sample_rate to 79500
Nov  6 00:17:09 kubernetes-worker kernel: [ 1214.863441] intel_powerclamp: Stop forced idle injection
Nov  6 00:17:10 kubernetes-worker kernel: [ 1215.864870] intel_powerclamp: Start idle injection to reduce power
Nov  6 00:19:41 kubernetes-worker kernel: [ 1366.402168] wlo1: authenticate with e4:c3:2a:d1:f1:10
Nov  6 00:19:41 kubernetes-worker kernel: [ 1367.064489] wlo1: send auth to e4:c3:2a:d1:f1:10 (try 1/3)
Nov  6 00:19:41 kubernetes-worker kernel: [ 1367.066022] wlo1: authenticated
Nov  6 00:19:41 kubernetes-worker kernel: [ 1367.068318] wlo1: associate with e4:c3:2a:d1:f1:10 (try 1/3)
Nov  6 00:19:41 kubernetes-worker kernel: [ 1367.072232] wlo1: RX AssocResp from e4:c3:2a:d1:f1:10 (capab=0xc11 status=0 aid=1)
Nov  6 00:19:41 kubernetes-worker kernel: [ 1367.072530] wlo1: associated
Nov  6 00:20:01 kubernetes-worker kernel: [ 1386.956310] rtw_8821ce 0000:02:00.0: firmware failed to leave lps state
Nov  6 00:21:07 kubernetes-worker kernel: [ 1453.125547] rtw_8821ce 0000:02:00.0: firmware failed to leave lps state
Nov  6 00:22:31 kubernetes-worker kernel: [ 1537.151607] intel_powerclamp: Stop forced idle injection
Nov  6 00:23:57 kubernetes-worker kernel: [ 1623.232954] rtw_8821ce 0000:02:00.0: firmware failed to leave lps state
Nov  6 00:23:59 kubernetes-worker kernel: [ 1625.081077] rtw_8821ce 0000:02:00.0: failed to send h2c command
Nov  6 00:24:03 kubernetes-worker kernel: [ 1629.087153] rtw_8821ce 0000:02:00.0: failed to send h2c command
Nov  6 00:24:05 kubernetes-worker kernel: [ 1631.100074] rtw_8821ce 0000:02:00.0: failed to send h2c command
Nov  6 00:24:06 kubernetes-worker kernel: [ 1632.512239] perf: interrupt took too long (3173 > 3142), lowering kernel.perf_event_max_sample_rate to 63000
Nov  6 00:24:07 kubernetes-worker kernel: [ 1633.084998] rtw_8821ce 0000:02:00.0: failed to send h2c command
Nov  6 00:24:20 kubernetes-worker kernel: [ 1645.713415] wlo1: authenticate with e4:c3:2a:d1:f1:10
Nov  6 00:24:20 kubernetes-worker kernel: [ 1646.376527] wlo1: send auth to e4:c3:2a:d1:f1:10 (try 1/3)
Nov  6 00:24:20 kubernetes-worker kernel: [ 1646.378010] wlo1: authenticated
Nov  6 00:24:20 kubernetes-worker kernel: [ 1646.380507] wlo1: associate with e4:c3:2a:d1:f1:10 (try 1/3)
Nov  6 00:24:20 kubernetes-worker kernel: [ 1646.384225] wlo1: RX AssocResp from e4:c3:2a:d1:f1:10 (capab=0xc11 status=0 aid=1)
Nov  6 00:24:20 kubernetes-worker kernel: [ 1646.384435] wlo1: associated
Nov  6 00:25:08 kubernetes-worker kernel: [ 1694.438650] intel_powerclamp: Start idle injection to reduce power
Nov  6 00:25:09 kubernetes-worker kernel: [ 1695.418770] intel_powerclamp: Stop forced idle injection
Nov  6 00:25:30 kubernetes-worker kernel: [ 1716.296715] intel_powerclamp: Start idle injection to reduce power
Nov  6 00:25:53 kubernetes-worker kernel: [ 1739.330752] intel_powerclamp: Stop forced idle injection
Nov  6 00:26:17 kubernetes-worker kernel: [ 1762.351887] intel_powerclamp: Start idle injection to reduce power
Nov  6 00:26:21 kubernetes-worker kernel: [ 1766.355524] intel_powerclamp: Stop forced idle injection
Nov  6 00:26:43 kubernetes-worker kernel: [ 1788.374792] intel_powerclamp: Start idle injection to reduce power
Nov  6 00:26:52 kubernetes-worker kernel: [ 1797.380769] intel_powerclamp: Stop forced idle injection
Nov  6 00:26:57 kubernetes-worker kernel: [ 1802.384209] intel_powerclamp: Start idle injection to reduce power
Nov  6 00:26:58 kubernetes-worker kernel: [ 1803.385732] intel_powerclamp: Stop forced idle injection
Nov  6 00:27:08 kubernetes-worker kernel: [ 1813.394245] intel_powerclamp: Start idle injection to reduce power
Nov  6 00:27:18 kubernetes-worker kernel: [ 1823.408089] intel_powerclamp: Stop forced idle injection
Nov  6 00:27:38 kubernetes-worker kernel: [ 1843.886290] rtw_8821ce 0000:02:00.0: failed to send h2c command
Nov  6 00:27:38 kubernetes-worker kernel: [ 1843.889372] rtw_8821ce 0000:02:00.0: failed to send h2c command
Nov  6 00:27:45 kubernetes-worker kernel: [ 1850.558967] wlo1: authenticate with e4:c3:2a:d1:f1:10
Nov  6 00:27:45 kubernetes-worker kernel: [ 1851.210021] wlo1: send auth to e4:c3:2a:d1:f1:10 (try 1/3)
Nov  6 00:27:45 kubernetes-worker kernel: [ 1851.211440] wlo1: authenticated
Nov  6 00:27:45 kubernetes-worker kernel: [ 1851.214142] wlo1: associate with e4:c3:2a:d1:f1:10 (try 1/3)
Nov  6 00:27:45 kubernetes-worker kernel: [ 1851.217748] wlo1: RX AssocResp from e4:c3:2a:d1:f1:10 (capab=0xc11 status=0 aid=1)
Nov  6 00:27:45 kubernetes-worker kernel: [ 1851.218048] wlo1: associated
Nov  6 00:29:36 kubernetes-worker kernel: [ 1961.613523] intel_powerclamp: Start idle injection to reduce power
Nov  6 00:29:48 kubernetes-worker kernel: [ 1973.627597] intel_powerclamp: Stop forced idle injection
Nov  6 00:29:49 kubernetes-worker kernel: [ 1974.628780] intel_powerclamp: Start idle injection to reduce power
Nov  6 00:29:50 kubernetes-worker kernel: [ 1975.631560] intel_powerclamp: Stop forced idle injection
Nov  6 00:30:03 kubernetes-worker kernel: [ 1989.146069] rtw_8821ce 0000:02:00.0: timed out to flush queue 1
Nov  6 00:30:08 kubernetes-worker kernel: [ 1993.679542] wlo1: authenticate with e4:c3:2a:d1:f1:10
Nov  6 00:30:08 kubernetes-worker kernel: [ 1994.329918] wlo1: send auth to e4:c3:2a:d1:f1:10 (try 1/3)
Nov  6 00:30:08 kubernetes-worker kernel: [ 1994.331461] wlo1: authenticated
Nov  6 00:30:08 kubernetes-worker kernel: [ 1994.333804] wlo1: associate with e4:c3:2a:d1:f1:10 (try 1/3)
Nov  6 00:30:08 kubernetes-worker kernel: [ 1994.337438] wlo1: RX AssocResp from e4:c3:2a:d1:f1:10 (capab=0xc11 status=0 aid=1)
Nov  6 00:30:08 kubernetes-worker kernel: [ 1994.337651] wlo1: associated
Nov  6 00:30:19 kubernetes-worker kernel: [ 2005.048955] rtw_8821ce 0000:02:00.0: firmware failed to leave lps state
Nov  6 00:30:29 kubernetes-worker kernel: [ 2014.679228] intel_powerclamp: Start idle injection to reduce power
Nov  6 00:30:32 kubernetes-worker kernel: [ 2017.683150] intel_powerclamp: Stop forced idle injection
Nov  6 00:30:38 kubernetes-worker kernel: [ 2023.690961] intel_powerclamp: Start idle injection to reduce power
Nov  6 00:30:44 kubernetes-worker kernel: [ 2029.703734] intel_powerclamp: Stop forced idle injection
Nov  6 00:30:46 kubernetes-worker kernel: [ 2031.536920] wlo1: authenticate with e4:c3:2a:d1:f1:10
Nov  6 00:30:46 kubernetes-worker kernel: [ 2032.183153] wlo1: send auth to e4:c3:2a:d1:f1:10 (try 1/3)
Nov  6 00:30:46 kubernetes-worker kernel: [ 2032.184718] wlo1: authenticated
Nov  6 00:30:46 kubernetes-worker kernel: [ 2032.187185] wlo1: associate with e4:c3:2a:d1:f1:10 (try 1/3)
Nov  6 00:30:46 kubernetes-worker kernel: [ 2032.191048] wlo1: RX AssocResp from e4:c3:2a:d1:f1:10 (capab=0xc11 status=0 aid=1)
Nov  6 00:30:46 kubernetes-worker kernel: [ 2032.191263] wlo1: associated
Nov  6 00:30:53 kubernetes-worker kernel: [ 2038.715606] intel_powerclamp: Start idle injection to reduce power
Nov  6 00:31:00 kubernetes-worker kernel: [ 2045.723783] intel_powerclamp: Stop forced idle injection
Nov  6 00:31:36 kubernetes-worker kernel: [ 2081.768875] intel_powerclamp: Start idle injection to reduce power
Nov  6 00:31:45 kubernetes-worker kernel: [ 2090.792944] intel_powerclamp: Stop forced idle injection
Nov  6 00:31:53 kubernetes-worker kernel: [ 2098.805428] intel_powerclamp: Start idle injection to reduce power
Nov  6 00:32:23 kubernetes-worker kernel: [ 2128.873382] intel_powerclamp: Stop forced idle injection
Nov  6 00:32:38 kubernetes-worker kernel: [ 2144.010167] perf: interrupt took too long (3973 > 3966), lowering kernel.perf_event_max_sample_rate to 50250
Nov  6 00:33:06 kubernetes-worker kernel: [ 2171.931366] intel_powerclamp: Start idle injection to reduce power
Nov  6 00:33:09 kubernetes-worker kernel: [ 2174.954524] intel_powerclamp: Stop forced idle injection
Nov  6 00:33:53 kubernetes-worker kernel: [ 2219.017163] wlo1: authenticate with e4:c3:2a:d1:f1:10
Nov  6 00:33:54 kubernetes-worker kernel: [ 2219.672670] wlo1: send auth to e4:c3:2a:d1:f1:10 (try 1/3)
Nov  6 00:33:54 kubernetes-worker kernel: [ 2219.674123] wlo1: authenticated
Nov  6 00:33:54 kubernetes-worker kernel: [ 2219.676639] wlo1: associate with e4:c3:2a:d1:f1:10 (try 1/3)
Nov  6 00:33:54 kubernetes-worker kernel: [ 2219.680363] wlo1: RX AssocResp from e4:c3:2a:d1:f1:10 (capab=0xc11 status=0 aid=1)
Nov  6 00:33:54 kubernetes-worker kernel: [ 2219.680634] wlo1: associated
Nov  6 00:33:54 kubernetes-worker kernel: [ 2219.724945] IPv6: ADDRCONF(NETDEV_CHANGE): wlo1: link becomes ready
Nov  6 00:34:03 kubernetes-worker kernel: [ 2229.030359] intel_powerclamp: Start idle injection to reduce power
Nov  6 00:34:09 kubernetes-worker kernel: [ 2235.046329] intel_powerclamp: Stop forced idle injection
Nov  6 00:34:16 kubernetes-worker kernel: [ 2242.054045] intel_powerclamp: Start idle injection to reduce power
Nov  6 00:34:23 kubernetes-worker kernel: [ 2249.079852] intel_powerclamp: Stop forced idle injection
Nov  6 00:35:43 kubernetes-worker kernel: [ 2329.186469] intel_powerclamp: Start idle injection to reduce power
Nov  6 00:36:25 kubernetes-worker kernel: [ 2371.269671] intel_powerclamp: Stop forced idle injection
Nov  6 00:37:10 kubernetes-worker kernel: [ 2416.324955] intel_powerclamp: Start idle injection to reduce power
Nov  6 00:37:25 kubernetes-worker kernel: [ 2430.362615] intel_powerclamp: Stop forced idle injection
Nov  6 00:37:33 kubernetes-worker kernel: [ 2438.372736] intel_powerclamp: Start idle injection to reduce power
Nov  6 00:37:35 kubernetes-worker kernel: [ 2440.387846] intel_powerclamp: Stop forced idle injection
Nov  6 00:37:36 kubernetes-worker kernel: [ 2441.389649] intel_powerclamp: Start idle injection to reduce power
Nov  6 00:37:39 kubernetes-worker kernel: [ 2444.393698] intel_powerclamp: Stop forced idle injection
Nov  6 00:37:46 kubernetes-worker kernel: [ 2451.403456] intel_powerclamp: Start idle injection to reduce power
Nov  6 00:37:58 kubernetes-worker kernel: [ 2463.427631] intel_powerclamp: Stop forced idle injection
Nov  6 00:38:05 kubernetes-worker kernel: [ 2470.436294] intel_powerclamp: Start idle injection to reduce power
Nov  6 00:38:23 kubernetes-worker kernel: [ 2488.525674] intel_powerclamp: Stop forced idle injection
Nov  6 00:39:15 kubernetes-worker kernel: [ 2540.601558] intel_powerclamp: Start idle injection to reduce power
Nov  6 00:39:33 kubernetes-worker kernel: [ 2558.694276] intel_powerclamp: Stop forced idle injection
Nov  6 00:39:40 kubernetes-worker kernel: [ 2565.703797] intel_powerclamp: Start idle injection to reduce power
Nov  6 00:39:51 kubernetes-worker kernel: [ 2576.720723] intel_powerclamp: Stop forced idle injection
Nov  6 00:40:06 kubernetes-worker kernel: [ 2591.741915] intel_powerclamp: Start idle injection to reduce power
Nov  6 00:40:14 kubernetes-worker kernel: [ 2599.762753] intel_powerclamp: Stop forced idle injection
Nov  6 00:40:22 kubernetes-worker kernel: [ 2607.774255] intel_powerclamp: Start idle injection to reduce power
Nov  6 00:40:37 kubernetes-worker kernel: [ 2622.804867] intel_powerclamp: Stop forced idle injection
Nov  6 00:41:13 kubernetes-worker kernel: [ 2658.853776] intel_powerclamp: Start idle injection to reduce power
Nov  6 00:41:14 kubernetes-worker kernel: [ 2659.854827] intel_powerclamp: Stop forced idle injection
Nov  6 00:41:19 kubernetes-worker kernel: [ 2664.862880] intel_powerclamp: Start idle injection to reduce power
Nov  6 00:41:21 kubernetes-worker kernel: [ 2666.871533] intel_powerclamp: Stop forced idle injection
Nov  6 00:41:36 kubernetes-worker kernel: [ 2681.891662] intel_powerclamp: Start idle injection to reduce power
Nov  6 00:41:52 kubernetes-worker kernel: [ 2698.306820] Lockdown: systemd-logind: hibernation is restricted; see man kernel_lockdown.7
Nov  6 00:41:54 kubernetes-worker kernel: [ 2699.921163] Lockdown: systemd-logind: hibernation is restricted; see man kernel_lockdown.7
Nov  6 00:41:57 kubernetes-worker kernel: [ 2702.380525] Lockdown: systemd-logind: hibernation is restricted; see man kernel_lockdown.7
Nov  6 00:42:50 kubernetes-worker kernel: [ 2756.289247] intel_powerclamp: Stop forced idle injection
Nov  6 00:43:34 kubernetes-worker kernel: [ 2800.355860] intel_powerclamp: Start idle injection to reduce power
Nov  6 00:45:07 kubernetes-worker kernel: [ 2893.185971] perf: interrupt took too long (4983 > 4966), lowering kernel.perf_event_max_sample_rate to 40000
Nov  6 00:45:40 kubernetes-worker kernel: [ 2926.223974] intel_powerclamp: Stop forced idle injection
Nov  6 00:45:46 kubernetes-worker kernel: [ 2932.230391] intel_powerclamp: Start idle injection to reduce power
Nov  6 00:45:50 kubernetes-worker kernel: [ 2936.243015] intel_powerclamp: Stop forced idle injection
Nov  6 00:45:56 kubernetes-worker kernel: [ 2942.247934] intel_powerclamp: Start idle injection to reduce power
Nov  6 00:46:16 kubernetes-worker kernel: [ 2962.065979] rtw_8821ce 0000:02:00.0: firmware failed to leave lps state
Nov  6 00:48:49 kubernetes-worker kernel: [ 3115.152683] intel_powerclamp: Stop forced idle injection
Nov  6 00:49:46 kubernetes-worker kernel: [ 3172.229350] intel_powerclamp: Start idle injection to reduce power
Nov  6 00:49:58 kubernetes-worker kernel: [ 3184.245506] intel_powerclamp: Stop forced idle injection
Nov  6 00:50:03 kubernetes-worker kernel: [ 3189.252629] intel_powerclamp: Start idle injection to reduce power
Nov  6 00:50:04 kubernetes-worker kernel: [ 3190.260133] intel_powerclamp: Stop forced idle injection
Nov  6 00:50:05 kubernetes-worker kernel: [ 3191.261813] intel_powerclamp: Start idle injection to reduce power
Nov  6 00:50:47 kubernetes-worker kernel: [ 3232.429984] intel_powerclamp: Stop forced idle injection
Nov  6 00:50:48 kubernetes-worker kernel: [ 3233.431120] intel_powerclamp: Start idle injection to reduce power
Nov  6 00:51:04 kubernetes-worker kernel: [ 3250.115710] rtw_8821ce 0000:02:00.0: firmware failed to leave lps state
Nov  6 00:51:56 kubernetes-worker kernel: [ 3301.734509] wlo1: authenticate with e4:c3:2a:d1:f1:10
Nov  6 00:51:57 kubernetes-worker kernel: [ 3302.397886] wlo1: send auth to e4:c3:2a:d1:f1:10 (try 1/3)
Nov  6 00:51:57 kubernetes-worker kernel: [ 3302.399381] wlo1: authenticated
Nov  6 00:51:57 kubernetes-worker kernel: [ 3302.401734] wlo1: associate with e4:c3:2a:d1:f1:10 (try 1/3)
Nov  6 00:51:57 kubernetes-worker kernel: [ 3302.405498] wlo1: RX AssocResp from e4:c3:2a:d1:f1:10 (capab=0xc11 status=0 aid=1)
Nov  6 00:51:57 kubernetes-worker kernel: [ 3302.405805] wlo1: associated
Nov  6 00:52:29 kubernetes-worker kernel: [ 3334.919963] rtw_8821ce 0000:02:00.0: failed to send h2c command
Nov  6 00:52:31 kubernetes-worker kernel: [ 3337.040870] rtw_8821ce 0000:02:00.0: firmware failed to leave lps state
Nov  6 00:52:36 kubernetes-worker kernel: [ 3341.633753] wlo1: authenticate with e4:c3:2a:d1:f1:10
Nov  6 00:52:36 kubernetes-worker kernel: [ 3342.280594] wlo1: send auth to e4:c3:2a:d1:f1:10 (try 1/3)
Nov  6 00:52:36 kubernetes-worker kernel: [ 3342.282201] wlo1: authenticated
Nov  6 00:52:36 kubernetes-worker kernel: [ 3342.284556] wlo1: associate with e4:c3:2a:d1:f1:10 (try 1/3)
Nov  6 00:52:36 kubernetes-worker kernel: [ 3342.288165] wlo1: RX AssocResp from e4:c3:2a:d1:f1:10 (capab=0xc11 status=0 aid=1)
Nov  6 00:52:36 kubernetes-worker kernel: [ 3342.288362] wlo1: associated
Nov  6 00:53:13 kubernetes-worker kernel: [ 3378.890761] rtw_8821ce 0000:02:00.0: failed to send h2c command
Nov  6 00:53:29 kubernetes-worker kernel: [ 3394.886372] rtw_8821ce 0000:02:00.0: failed to send h2c command
Nov  6 00:53:53 kubernetes-worker kernel: [ 3418.917822] rtw_8821ce 0000:02:00.0: failed to send h2c command
Nov  6 00:53:55 kubernetes-worker kernel: [ 3420.901590] rtw_8821ce 0000:02:00.0: failed to send h2c command
Nov  6 00:54:42 kubernetes-worker kernel: [ 3467.633067] intel_powerclamp: Stop forced idle injection
Nov  6 00:54:43 kubernetes-worker kernel: [ 3468.637582] intel_powerclamp: Start idle injection to reduce power
Nov  6 00:54:45 kubernetes-worker kernel: [ 3470.641400] intel_powerclamp: Stop forced idle injection
Nov  6 00:54:46 kubernetes-worker kernel: [ 3471.576624] wlo1: authenticate with e4:c3:2a:d1:f1:10
Nov  6 00:54:46 kubernetes-worker kernel: [ 3472.225122] wlo1: send auth to e4:c3:2a:d1:f1:10 (try 1/3)
Nov  6 00:54:46 kubernetes-worker kernel: [ 3472.226573] wlo1: authenticated
Nov  6 00:54:46 kubernetes-worker kernel: [ 3472.229066] wlo1: associate with e4:c3:2a:d1:f1:10 (try 1/3)
Nov  6 00:54:46 kubernetes-worker kernel: [ 3472.236063] wlo1: RX AssocResp from e4:c3:2a:d1:f1:10 (capab=0xc11 status=0 aid=1)
Nov  6 00:54:46 kubernetes-worker kernel: [ 3472.236305] wlo1: associated
Nov  6 00:54:52 kubernetes-worker kernel: [ 3477.649184] intel_powerclamp: Start idle injection to reduce power
Nov  6 00:55:07 kubernetes-worker kernel: [ 3492.674682] intel_powerclamp: Stop forced idle injection
Nov  6 00:55:10 kubernetes-worker kernel: [ 3495.678083] intel_powerclamp: Start idle injection to reduce power
Nov  6 00:55:58 kubernetes-worker kernel: [ 3543.874339] rtw_8821ce 0000:02:00.0: failed to send h2c command
Nov  6 01:01:09 kubernetes-worker kernel: [ 3855.249390] rtw_8821ce 0000:02:00.0: timed out to flush queue 1
Nov  6 01:01:15 kubernetes-worker kernel: [ 3860.488719] wlo1: authenticate with e4:c3:2a:d1:f1:10
Nov  6 01:01:15 kubernetes-worker kernel: [ 3861.297555] wlo1: send auth to e4:c3:2a:d1:f1:10 (try 1/3)
Nov  6 01:01:15 kubernetes-worker kernel: [ 3861.299100] wlo1: authenticated
Nov  6 01:01:15 kubernetes-worker kernel: [ 3861.305198] wlo1: associate with e4:c3:2a:d1:f1:10 (try 1/3)
Nov  6 01:01:15 kubernetes-worker kernel: [ 3861.308900] wlo1: RX AssocResp from e4:c3:2a:d1:f1:10 (capab=0xc11 status=0 aid=1)
Nov  6 01:01:15 kubernetes-worker kernel: [ 3861.309130] wlo1: associated
Nov  6 01:04:23 kubernetes-worker kernel: [ 4048.356265] rtw_8821ce 0000:02:00.0: timed out to flush queue 1
Nov  6 01:04:28 kubernetes-worker kernel: [ 4053.608946] wlo1: authenticate with e4:c3:2a:d1:f1:10
Nov  6 01:04:29 kubernetes-worker kernel: [ 4054.360377] wlo1: send auth to e4:c3:2a:d1:f1:10 (try 1/3)
Nov  6 01:04:29 kubernetes-worker kernel: [ 4054.361979] wlo1: authenticated
Nov  6 01:04:29 kubernetes-worker kernel: [ 4054.364174] wlo1: associate with e4:c3:2a:d1:f1:10 (try 1/3)
Nov  6 01:04:29 kubernetes-worker kernel: [ 4054.367722] wlo1: RX AssocResp from e4:c3:2a:d1:f1:10 (capab=0xc11 status=0 aid=1)
Nov  6 01:04:29 kubernetes-worker kernel: [ 4054.367937] wlo1: associated
Nov  6 01:05:29 kubernetes-worker kernel: [ 4114.891845] rtw_8821ce 0000:02:00.0: failed to send h2c command
Nov  6 01:05:35 kubernetes-worker kernel: [ 4121.033223] wlo1: authenticate with e4:c3:2a:d1:f1:10
Nov  6 01:05:36 kubernetes-worker kernel: [ 4121.796637] wlo1: send auth to e4:c3:2a:d1:f1:10 (try 1/3)
Nov  6 01:05:36 kubernetes-worker kernel: [ 4121.798195] wlo1: authenticated
Nov  6 01:05:36 kubernetes-worker kernel: [ 4121.800224] wlo1: associate with e4:c3:2a:d1:f1:10 (try 1/3)
Nov  6 01:05:36 kubernetes-worker kernel: [ 4121.803897] wlo1: RX AssocResp from e4:c3:2a:d1:f1:10 (capab=0xc11 status=0 aid=1)
Nov  6 01:05:36 kubernetes-worker kernel: [ 4121.804117] wlo1: associated
Nov  6 01:06:08 kubernetes-worker kernel: [ 4154.155682] wlo1: authenticate with e4:c3:2a:d1:f1:10
Nov  6 01:06:09 kubernetes-worker kernel: [ 4154.812480] wlo1: send auth to e4:c3:2a:d1:f1:10 (try 1/3)
Nov  6 01:06:09 kubernetes-worker kernel: [ 4154.814968] wlo1: authenticated
Nov  6 01:06:09 kubernetes-worker kernel: [ 4154.816204] wlo1: associate with e4:c3:2a:d1:f1:10 (try 1/3)
Nov  6 01:06:09 kubernetes-worker kernel: [ 4154.820413] wlo1: RX AssocResp from e4:c3:2a:d1:f1:10 (capab=0xc11 status=0 aid=1)
Nov  6 01:06:09 kubernetes-worker kernel: [ 4154.820634] wlo1: associated
Nov  6 01:06:43 kubernetes-worker kernel: [ 4189.149224] wlo1: authenticate with e4:c3:2a:d1:f1:10
Nov  6 01:06:44 kubernetes-worker kernel: [ 4189.908849] wlo1: send auth to e4:c3:2a:d1:f1:10 (try 1/3)
Nov  6 01:06:44 kubernetes-worker kernel: [ 4189.912240] wlo1: authenticated
Nov  6 01:06:44 kubernetes-worker kernel: [ 4189.916131] wlo1: associate with e4:c3:2a:d1:f1:10 (try 1/3)
Nov  6 01:06:44 kubernetes-worker kernel: [ 4189.919724] wlo1: RX AssocResp from e4:c3:2a:d1:f1:10 (capab=0xc11 status=0 aid=1)
Nov  6 01:06:44 kubernetes-worker kernel: [ 4189.919948] wlo1: associated
Nov  6 01:07:16 kubernetes-worker kernel: [ 4222.116279] rtw_8821ce 0000:02:00.0: firmware failed to leave lps state
Nov  6 01:07:34 kubernetes-worker kernel: [ 4239.900472] intel_powerclamp: Stop forced idle injection
Nov  6 01:07:41 kubernetes-worker kernel: [ 4246.908323] intel_powerclamp: Start idle injection to reduce power
Nov  6 01:09:01 kubernetes-worker kernel: [ 4326.371809] rtw_8821ce 0000:02:00.0: timed out to flush queue 1
Nov  6 01:09:06 kubernetes-worker kernel: [ 4331.544339] wlo1: authenticate with e4:c3:2a:d1:f1:10
Nov  6 01:09:06 kubernetes-worker kernel: [ 4332.299653] wlo1: send auth to e4:c3:2a:d1:f1:10 (try 1/3)
Nov  6 01:09:06 kubernetes-worker kernel: [ 4332.301324] wlo1: authenticated
Nov  6 01:09:06 kubernetes-worker kernel: [ 4332.303380] wlo1: associate with e4:c3:2a:d1:f1:10 (try 1/3)
Nov  6 01:09:06 kubernetes-worker kernel: [ 4332.307038] wlo1: RX AssocResp from e4:c3:2a:d1:f1:10 (capab=0xc11 status=0 aid=1)
Nov  6 01:09:06 kubernetes-worker kernel: [ 4332.307254] wlo1: associated
Nov  6 01:11:36 kubernetes-worker kernel: [ 4482.058003] rtw_8821ce 0000:02:00.0: firmware failed to leave lps state
Nov  6 01:11:50 kubernetes-worker kernel: [ 4496.085860] rtw_8821ce 0000:02:00.0: firmware failed to leave lps state
Nov  6 01:11:52 kubernetes-worker kernel: [ 4498.129845] rtw_8821ce 0000:02:00.0: firmware failed to leave lps state
Nov  6 01:12:36 kubernetes-worker kernel: [ 4541.896550] rtw_8821ce 0000:02:00.0: failed to send h2c command
Nov  6 01:12:41 kubernetes-worker kernel: [ 4546.826904] wlo1: authenticate with e4:c3:2a:d1:f1:10
Nov  6 01:12:42 kubernetes-worker kernel: [ 4547.485308] wlo1: send auth to e4:c3:2a:d1:f1:10 (try 1/3)
Nov  6 01:12:42 kubernetes-worker kernel: [ 4547.488905] wlo1: authenticated
Nov  6 01:12:42 kubernetes-worker kernel: [ 4547.489352] wlo1: associate with e4:c3:2a:d1:f1:10 (try 1/3)
Nov  6 01:12:42 kubernetes-worker kernel: [ 4547.492934] wlo1: RX AssocResp from e4:c3:2a:d1:f1:10 (capab=0xc11 status=0 aid=1)
Nov  6 01:12:42 kubernetes-worker kernel: [ 4547.493149] wlo1: associated
Nov  6 01:13:02 kubernetes-worker kernel: [ 4568.125193] rtw_8821ce 0000:02:00.0: firmware failed to leave lps state
Nov  6 01:13:04 kubernetes-worker kernel: [ 4570.113380] rtw_8821ce 0000:02:00.0: firmware failed to leave lps state
Nov  6 01:13:17 kubernetes-worker kernel: [ 4582.946081] wlo1: authenticate with e4:c3:2a:d1:f1:10
Nov  6 01:13:18 kubernetes-worker kernel: [ 4583.697253] wlo1: send auth to e4:c3:2a:d1:f1:10 (try 1/3)
Nov  6 01:13:18 kubernetes-worker kernel: [ 4583.699407] wlo1: authenticated
Nov  6 01:13:18 kubernetes-worker kernel: [ 4583.704855] wlo1: associate with e4:c3:2a:d1:f1:10 (try 1/3)
Nov  6 01:13:18 kubernetes-worker kernel: [ 4583.709662] wlo1: RX AssocResp from e4:c3:2a:d1:f1:10 (capab=0xc11 status=0 aid=1)
Nov  6 01:13:18 kubernetes-worker kernel: [ 4583.709892] wlo1: associated
Nov  6 01:13:38 kubernetes-worker kernel: [ 4603.879753] rtw_8821ce 0000:02:00.0: failed to send h2c command
Nov  6 01:13:38 kubernetes-worker kernel: [ 4603.882820] rtw_8821ce 0000:02:00.0: failed to send h2c command
Nov  6 01:13:43 kubernetes-worker kernel: [ 4609.009325] wlo1: authenticate with e4:c3:2a:d1:f1:10
Nov  6 01:13:44 kubernetes-worker kernel: [ 4609.760711] wlo1: send auth to e4:c3:2a:d1:f1:10 (try 1/3)
Nov  6 01:13:44 kubernetes-worker kernel: [ 4609.762936] wlo1: authenticated
Nov  6 01:13:44 kubernetes-worker kernel: [ 4609.768550] wlo1: associate with e4:c3:2a:d1:f1:10 (try 1/3)
Nov  6 01:13:44 kubernetes-worker kernel: [ 4609.772269] wlo1: RX AssocResp from e4:c3:2a:d1:f1:10 (capab=0xc11 status=0 aid=1)
Nov  6 01:13:44 kubernetes-worker kernel: [ 4609.772546] wlo1: associated
Nov  6 01:13:59 kubernetes-worker kernel: [ 4625.120781] rtw_8821ce 0000:02:00.0: firmware failed to leave lps state
Nov  6 01:14:19 kubernetes-worker kernel: [ 4645.056321] rtw_8821ce 0000:02:00.0: firmware failed to leave lps state
Nov  6 01:14:29 kubernetes-worker kernel: [ 4655.116251] rtw_8821ce 0000:02:00.0: firmware failed to leave lps state
Nov  6 01:14:39 kubernetes-worker kernel: [ 4664.822324] wlo1: authenticate with e4:c3:2a:d1:f1:10
Nov  6 01:14:40 kubernetes-worker kernel: [ 4665.536188] wlo1: send auth to e4:c3:2a:d1:f1:10 (try 1/3)
Nov  6 01:14:40 kubernetes-worker kernel: [ 4665.537701] wlo1: authenticated
Nov  6 01:14:40 kubernetes-worker kernel: [ 4665.539869] wlo1: associate with e4:c3:2a:d1:f1:10 (try 1/3)
Nov  6 01:14:40 kubernetes-worker kernel: [ 4665.543535] wlo1: RX AssocResp from e4:c3:2a:d1:f1:10 (capab=0xc11 status=0 aid=1)
Nov  6 01:14:40 kubernetes-worker kernel: [ 4665.543754] wlo1: associated
Nov  6 01:14:52 kubernetes-worker kernel: [ 4678.064146] rtw_8821ce 0000:02:00.0: firmware failed to leave lps state
Nov  6 01:15:00 kubernetes-worker kernel: [ 4686.128156] rtw_8821ce 0000:02:00.0: firmware failed to leave lps state
Nov  6 01:16:06 kubernetes-worker kernel: [ 4752.036846] rtw_8821ce 0000:02:00.0: firmware failed to leave lps state
Nov  6 01:16:44 kubernetes-worker kernel: [ 4790.059608] rtw_8821ce 0000:02:00.0: firmware failed to leave lps state
Nov  6 01:16:58 kubernetes-worker kernel: [ 4804.038497] rtw_8821ce 0000:02:00.0: firmware failed to leave lps state
Nov  6 01:17:00 kubernetes-worker kernel: [ 4806.054225] rtw_8821ce 0000:02:00.0: firmware failed to leave lps state
Nov  6 01:17:02 kubernetes-worker kernel: [ 4808.118947] rtw_8821ce 0000:02:00.0: firmware failed to leave lps state
Nov  6 01:17:04 kubernetes-worker kernel: [ 4810.134952] rtw_8821ce 0000:02:00.0: firmware failed to leave lps state
Nov  6 01:17:14 kubernetes-worker kernel: [ 4820.168392] rtw_8821ce 0000:02:00.0: firmware failed to leave lps state
Nov  6 01:17:34 kubernetes-worker kernel: [ 4840.043159] rtw_8821ce 0000:02:00.0: firmware failed to leave lps state
Nov  6 01:17:39 kubernetes-worker kernel: [ 4845.068920] wlo1: authenticate with e4:c3:2a:d1:f1:10
Nov  6 01:17:40 kubernetes-worker kernel: [ 4845.747940] wlo1: send auth to e4:c3:2a:d1:f1:10 (try 1/3)
Nov  6 01:17:40 kubernetes-worker kernel: [ 4845.749882] wlo1: authenticated
Nov  6 01:17:40 kubernetes-worker kernel: [ 4845.751921] wlo1: associate with e4:c3:2a:d1:f1:10 (try 1/3)
Nov  6 01:17:40 kubernetes-worker kernel: [ 4845.755695] wlo1: RX AssocResp from e4:c3:2a:d1:f1:10 (capab=0xc11 status=0 aid=1)
Nov  6 01:17:40 kubernetes-worker kernel: [ 4845.780251] wlo1: associated
Nov  6 01:17:50 kubernetes-worker kernel: [ 4856.133486] rtw_8821ce 0000:02:00.0: firmware failed to leave lps state
Nov  6 01:18:00 kubernetes-worker kernel: [ 4866.158830] rtw_8821ce 0000:02:00.0: firmware failed to leave lps state
Nov  6 01:18:04 kubernetes-worker kernel: [ 4870.239560] rtw_8821ce 0000:02:00.0: timed out to flush queue 1
Nov  6 01:18:09 kubernetes-worker kernel: [ 4875.201046] wlo1: authenticate with e4:c3:2a:d1:f1:10
Nov  6 01:18:10 kubernetes-worker kernel: [ 4875.952216] wlo1: send auth to e4:c3:2a:d1:f1:10 (try 1/3)
Nov  6 01:18:10 kubernetes-worker kernel: [ 4875.957182] wlo1: authenticated
Nov  6 01:18:10 kubernetes-worker kernel: [ 4875.960153] wlo1: associate with e4:c3:2a:d1:f1:10 (try 1/3)
Nov  6 01:18:10 kubernetes-worker kernel: [ 4875.964038] wlo1: RX AssocResp from e4:c3:2a:d1:f1:10 (capab=0xc11 status=0 aid=1)
Nov  6 01:18:10 kubernetes-worker kernel: [ 4875.964253] wlo1: associated
Nov  6 01:20:03 kubernetes-worker kernel: [ 4989.195809] rtw_8821ce 0000:02:00.0: firmware failed to leave lps state
Nov  6 01:20:17 kubernetes-worker kernel: [ 5003.172682] rtw_8821ce 0000:02:00.0: firmware failed to leave lps state
Nov  6 01:20:19 kubernetes-worker kernel: [ 5004.948034] rtw_8821ce 0000:02:00.0: failed to send h2c command
Nov  6 01:20:24 kubernetes-worker kernel: [ 5009.890232] wlo1: authenticate with e4:c3:2a:d1:f1:10
Nov  6 01:20:25 kubernetes-worker kernel: [ 5010.613273] wlo1: send auth to e4:c3:2a:d1:f1:10 (try 1/3)
Nov  6 01:20:25 kubernetes-worker kernel: [ 5010.614858] wlo1: authenticated
Nov  6 01:20:25 kubernetes-worker kernel: [ 5010.617258] wlo1: associate with e4:c3:2a:d1:f1:10 (try 1/3)
Nov  6 01:20:25 kubernetes-worker kernel: [ 5010.622572] wlo1: RX AssocResp from e4:c3:2a:d1:f1:10 (capab=0xc11 status=0 aid=1)
Nov  6 01:20:25 kubernetes-worker kernel: [ 5010.622800] wlo1: associated
Nov  6 01:20:49 kubernetes-worker kernel: [ 5035.183614] rtw_8821ce 0000:02:00.0: firmware failed to leave lps state
Nov  6 01:21:07 kubernetes-worker kernel: [ 5053.184576] rtw_8821ce 0000:02:00.0: firmware failed to leave lps state
Nov  6 01:22:49 kubernetes-worker kernel: [ 5154.954092] rtw_8821ce 0000:02:00.0: failed to send h2c command
Nov  6 01:23:05 kubernetes-worker kernel: [ 5171.127384] rtw_8821ce 0000:02:00.0: firmware failed to leave lps state
Nov  6 01:23:19 kubernetes-worker kernel: [ 5185.192077] rtw_8821ce 0000:02:00.0: firmware failed to leave lps state
Nov  6 01:23:35 kubernetes-worker kernel: [ 5201.176954] rtw_8821ce 0000:02:00.0: firmware failed to leave lps state
Nov  6 01:23:39 kubernetes-worker kernel: [ 5204.960032] rtw_8821ce 0000:02:00.0: failed to send h2c command
Nov  6 01:24:21 kubernetes-worker kernel: [ 5247.162763] rtw_8821ce 0000:02:00.0: firmware failed to leave lps state
Nov  6 01:24:45 kubernetes-worker kernel: [ 5271.163946] rtw_8821ce 0000:02:00.0: firmware failed to leave lps state
Nov  6 01:26:15 kubernetes-worker kernel: [ 5361.324235] wlo1: authenticate with e4:c3:2a:d1:f1:10
Nov  6 01:26:16 kubernetes-worker kernel: [ 5362.127109] wlo1: send auth to e4:c3:2a:d1:f1:10 (try 1/3)
Nov  6 01:26:16 kubernetes-worker kernel: [ 5362.129041] wlo1: authenticated
Nov  6 01:26:16 kubernetes-worker kernel: [ 5362.134584] wlo1: associate with e4:c3:2a:d1:f1:10 (try 1/3)
Nov  6 01:26:16 kubernetes-worker kernel: [ 5362.138194] wlo1: RX AssocResp from e4:c3:2a:d1:f1:10 (capab=0xc11 status=0 aid=1)
Nov  6 01:26:16 kubernetes-worker kernel: [ 5362.138405] wlo1: associated
Nov  6 01:27:08 kubernetes-worker kernel: [ 5414.160519] rtw_8821ce 0000:02:00.0: firmware failed to leave lps state
Nov  6 01:28:00 kubernetes-worker kernel: [ 5466.193647] rtw_8821ce 0000:02:00.0: firmware failed to leave lps state
Nov  6 01:28:16 kubernetes-worker kernel: [ 5481.961037] rtw_8821ce 0000:02:00.0: failed to send h2c command
Nov  6 01:28:18 kubernetes-worker kernel: [ 5483.977078] rtw_8821ce 0000:02:00.0: failed to send h2c command
Nov  6 01:28:46 kubernetes-worker kernel: [ 5511.990120] rtw_8821ce 0000:02:00.0: failed to send h2c command
Nov  6 01:28:50 kubernetes-worker kernel: [ 5515.990334] rtw_8821ce 0000:02:00.0: failed to send h2c command
Nov  6 01:28:52 kubernetes-worker kernel: [ 5517.966311] rtw_8821ce 0000:02:00.0: failed to send h2c command
Nov  6 01:29:06 kubernetes-worker kernel: [ 5531.958523] rtw_8821ce 0000:02:00.0: failed to send h2c command
Nov  6 01:29:08 kubernetes-worker kernel: [ 5533.974471] rtw_8821ce 0000:02:00.0: failed to send h2c command
Nov  6 01:29:13 kubernetes-worker kernel: [ 5539.255947] wlo1: authenticate with e4:c3:2a:d1:f1:10
Nov  6 01:29:14 kubernetes-worker kernel: [ 5539.971444] wlo1: send auth to e4:c3:2a:d1:f1:10 (try 1/3)
Nov  6 01:29:14 kubernetes-worker kernel: [ 5539.973044] wlo1: authenticated
Nov  6 01:29:14 kubernetes-worker kernel: [ 5539.975197] wlo1: associate with e4:c3:2a:d1:f1:10 (try 1/3)
Nov  6 01:29:14 kubernetes-worker kernel: [ 5539.979234] wlo1: RX AssocResp from e4:c3:2a:d1:f1:10 (capab=0xc11 status=0 aid=1)
Nov  6 01:29:14 kubernetes-worker kernel: [ 5539.979453] wlo1: associated
Nov  6 01:31:20 kubernetes-worker kernel: [ 5666.213998] rtw_8821ce 0000:02:00.0: firmware failed to leave lps state
Nov  6 01:31:36 kubernetes-worker kernel: [ 5682.198400] rtw_8821ce 0000:02:00.0: firmware failed to leave lps state
Nov  6 01:31:44 kubernetes-worker kernel: [ 5690.214522] rtw_8821ce 0000:02:00.0: firmware failed to leave lps state
Nov  6 01:33:29 kubernetes-worker kernel: [ 5795.067279] wlo1: authenticate with e4:c3:2a:d1:f1:10
Nov  6 01:33:30 kubernetes-worker kernel: [ 5795.805111] wlo1: send auth to e4:c3:2a:d1:f1:10 (try 1/3)
Nov  6 01:33:30 kubernetes-worker kernel: [ 5795.816342] wlo1: authenticated
Nov  6 01:33:30 kubernetes-worker kernel: [ 5795.820119] wlo1: associate with e4:c3:2a:d1:f1:10 (try 1/3)
Nov  6 01:33:30 kubernetes-worker kernel: [ 5795.823698] wlo1: RX AssocResp from e4:c3:2a:d1:f1:10 (capab=0xc11 status=0 aid=1)
Nov  6 01:33:30 kubernetes-worker kernel: [ 5795.823923] wlo1: associated
Nov  6 01:33:46 kubernetes-worker kernel: [ 5812.232818] rtw_8821ce 0000:02:00.0: firmware failed to leave lps state
Nov  6 01:34:54 kubernetes-worker kernel: [ 5879.955385] rtw_8821ce 0000:02:00.0: failed to send h2c command
Nov  6 01:35:06 kubernetes-worker kernel: [ 5892.281728] rtw_8821ce 0000:02:00.0: timed out to flush queue 1
Nov  6 01:35:11 kubernetes-worker kernel: [ 5897.054869] wlo1: authenticate with e4:c3:2a:d1:f1:10
Nov  6 01:35:12 kubernetes-worker kernel: [ 5897.770128] wlo1: send auth to e4:c3:2a:d1:f1:10 (try 1/3)
Nov  6 01:35:12 kubernetes-worker kernel: [ 5897.771625] wlo1: authenticated
Nov  6 01:35:12 kubernetes-worker kernel: [ 5897.773884] wlo1: associate with e4:c3:2a:d1:f1:10 (try 1/3)
Nov  6 01:35:12 kubernetes-worker kernel: [ 5897.777436] wlo1: RX AssocResp from e4:c3:2a:d1:f1:10 (capab=0xc11 status=0 aid=1)
Nov  6 01:35:12 kubernetes-worker kernel: [ 5897.777664] wlo1: associated
Nov  6 01:35:26 kubernetes-worker kernel: [ 5911.985385] rtw_8821ce 0000:02:00.0: failed to send h2c command
Nov  6 01:35:34 kubernetes-worker kernel: [ 5919.632489] wlo1: authenticate with e4:c3:2a:d1:f1:10
Nov  6 01:35:34 kubernetes-worker kernel: [ 5920.282341] wlo1: send auth to e4:c3:2a:d1:f1:10 (try 1/3)
Nov  6 01:35:34 kubernetes-worker kernel: [ 5920.284828] wlo1: authenticated
Nov  6 01:35:34 kubernetes-worker kernel: [ 5920.286273] wlo1: associate with e4:c3:2a:d1:f1:10 (try 1/3)
Nov  6 01:35:34 kubernetes-worker kernel: [ 5920.289987] wlo1: RX AssocResp from e4:c3:2a:d1:f1:10 (capab=0xc11 status=0 aid=1)
Nov  6 01:35:34 kubernetes-worker kernel: [ 5920.290237] wlo1: associated
Nov  6 01:35:50 kubernetes-worker kernel: [ 5936.090568] rtw_8821ce 0000:02:00.0: firmware failed to leave lps state
Nov  6 01:36:35 kubernetes-worker kernel: [ 5981.307963] wlo1: authenticate with e4:c3:2a:d1:f1:10
Nov  6 01:36:36 kubernetes-worker kernel: [ 5982.107565] wlo1: send auth to e4:c3:2a:d1:f1:10 (try 1/3)
Nov  6 01:36:36 kubernetes-worker kernel: [ 5982.109666] wlo1: authenticated
Nov  6 01:36:36 kubernetes-worker kernel: [ 5982.115219] wlo1: associate with e4:c3:2a:d1:f1:10 (try 1/3)
Nov  6 01:36:36 kubernetes-worker kernel: [ 5982.118969] wlo1: RX AssocResp from e4:c3:2a:d1:f1:10 (capab=0xc11 status=0 aid=1)
Nov  6 01:36:36 kubernetes-worker kernel: [ 5982.119221] wlo1: associated
Nov  6 01:38:22 kubernetes-worker kernel: [ 6088.096749] rtw_8821ce 0000:02:00.0: firmware failed to leave lps state
Nov  6 01:38:50 kubernetes-worker kernel: [ 6116.105346] rtw_8821ce 0000:02:00.0: firmware failed to leave lps state
Nov  6 01:39:50 kubernetes-worker kernel: [ 6176.279818] intel_powerclamp: Stop forced idle injection
Nov  6 01:39:59 kubernetes-worker kernel: [ 6185.291875] intel_powerclamp: Start idle injection to reduce power
Nov  6 01:40:22 kubernetes-worker kernel: [ 6208.126733] Lockdown: systemd-logind: hibernation is restricted; see man kernel_lockdown.7
Nov  6 01:40:26 kubernetes-worker kernel: [ 6211.906463] audit: type=1107 audit(1699231226.470:169): pid=706 uid=102 auid=4294967295 ses=4294967295 subj=unconfined msg='apparmor="DENIED" operation="dbus_signal"  bus="system" path="/org/freedesktop/login1" interface="org.freedesktop.DBus.Properties" member="PropertiesChanged" name=":1.4" mask="receive" pid=3733 label="snap.firefox.firefox" peer_pid=742 peer_label="unconfined"
Nov  6 01:40:26 kubernetes-worker kernel: [ 6211.906463]  exe="/usr/bin/dbus-daemon" sauid=102 hostname=? addr=? terminal=?'
Nov  6 01:40:26 kubernetes-worker kernel: [ 6212.368835] audit: type=1107 audit(1699231226.934:170): pid=706 uid=102 auid=4294967295 ses=4294967295 subj=unconfined msg='apparmor="DENIED" operation="dbus_signal"  bus="system" path="/org/freedesktop/login1" interface="org.freedesktop.login1.Manager" member="PrepareForShutdown" name=":1.4" mask="receive" pid=3733 label="snap.firefox.firefox" peer_pid=742 peer_label="unconfined"
Nov  6 01:40:26 kubernetes-worker kernel: [ 6212.368835]  exe="/usr/bin/dbus-daemon" sauid=102 hostname=? addr=? terminal=?'
Nov  6 01:40:26 kubernetes-worker kernel: [ 6212.404680] audit: type=1107 audit(1699231226.970:171): pid=706 uid=102 auid=4294967295 ses=4294967295 subj=unconfined msg='apparmor="DENIED" operation="dbus_signal"  bus="system" path="/org/freedesktop/login1" interface="org.freedesktop.DBus.Properties" member="PropertiesChanged" name=":1.4" mask="receive" pid=3733 label="snap.firefox.firefox" peer_pid=742 peer_label="unconfined"
Nov  6 01:40:26 kubernetes-worker kernel: [ 6212.404680]  exe="/usr/bin/dbus-daemon" sauid=102 hostname=? addr=? terminal=?'
Nov  6 01:40:27 kubernetes-worker kernel: [ 6212.464888] audit: type=1107 audit(1699231227.030:172): pid=706 uid=102 auid=4294967295 ses=4294967295 subj=unconfined msg='apparmor="DENIED" operation="dbus_signal"  bus="system" path="/org/freedesktop/login1" interface="org.freedesktop.DBus.Properties" member="PropertiesChanged" name=":1.4" mask="receive" pid=3733 label="snap.firefox.firefox" peer_pid=742 peer_label="unconfined"
Nov  6 01:40:27 kubernetes-worker kernel: [ 6212.464888]  exe="/usr/bin/dbus-daemon" sauid=102 hostname=? addr=? terminal=?'
Nov  6 01:40:27 kubernetes-worker kernel: [ 6212.484086] audit: type=1107 audit(1699231227.050:173): pid=706 uid=102 auid=4294967295 ses=4294967295 subj=unconfined msg='apparmor="DENIED" operation="dbus_signal"  bus="system" path="/org/freedesktop/login1" interface="org.freedesktop.DBus.Properties" member="PropertiesChanged" name=":1.4" mask="receive" pid=3733 label="snap.firefox.firefox" peer_pid=742 peer_label="unconfined"
Nov  6 01:40:27 kubernetes-worker kernel: [ 6212.484086]  exe="/usr/bin/dbus-daemon" sauid=102 hostname=? addr=? terminal=?'
Nov  6 01:40:27 kubernetes-worker kernel: [ 6212.486816] audit: type=1107 audit(1699231227.054:174): pid=706 uid=102 auid=4294967295 ses=4294967295 subj=unconfined msg='apparmor="DENIED" operation="dbus_signal"  bus="system" path="/org/freedesktop/login1" interface="org.freedesktop.DBus.Properties" member="PropertiesChanged" name=":1.4" mask="receive" pid=3733 label="snap.firefox.firefox" peer_pid=742 peer_label="unconfined"
Nov  6 01:40:27 kubernetes-worker kernel: [ 6212.486816]  exe="/usr/bin/dbus-daemon" sauid=102 hostname=? addr=? terminal=?'
Nov  6 01:40:27 kubernetes-worker kernel: [ 6212.559255] rfkill: input handler enabled
Nov  6 09:37:00 kubernetes-worker kernel: [    0.000000] microcode: microcode updated early to revision 0x22, date = 2022-09-20
Nov  6 09:37:00 kubernetes-worker kernel: [    0.000000] Linux version 6.2.0-36-generic (buildd@lcy02-amd64-050) (x86_64-linux-gnu-gcc-11 (Ubuntu 11.4.0-1ubuntu1~22.04) 11.4.0, GNU ld (GNU Binutils for Ubuntu) 2.38) #37~22.04.1-Ubuntu SMP PREEMPT_DYNAMIC Mon Oct  9 15:34:04 UTC 2 (Ubuntu 6.2.0-36.37~22.04.1-generic 6.2.16)
Nov  6 09:37:00 kubernetes-worker kernel: [    0.000000] Command line: BOOT_IMAGE=/boot/vmlinuz-6.2.0-36-generic root=UUID=d178ccf5-72fa-4e21-b059-82fe4a26d58a ro quiet splash vt.handoff=7
Nov  6 09:37:00 kubernetes-worker kernel: [    0.000000] KERNEL supported cpus:
Nov  6 09:37:00 kubernetes-worker kernel: [    0.000000]   Intel GenuineIntel
Nov  6 09:37:00 kubernetes-worker kernel: [    0.000000]   AMD AuthenticAMD
Nov  6 09:37:00 kubernetes-worker kernel: [    0.000000]   Hygon HygonGenuine
Nov  6 09:37:00 kubernetes-worker kernel: [    0.000000]   Centaur CentaurHauls
Nov  6 09:37:00 kubernetes-worker kernel: [    0.000000]   zhaoxin   Shanghai  
Nov  6 09:37:00 kubernetes-worker kernel: [    0.000000] BIOS-provided physical RAM map:
Nov  6 09:37:00 kubernetes-worker kernel: [    0.000000] BIOS-e820: [mem 0x0000000000000000-0x0000000000057fff] usable
Nov  6 09:37:00 kubernetes-worker kernel: [    0.000000] BIOS-e820: [mem 0x0000000000058000-0x0000000000058fff] reserved
Nov  6 09:37:00 kubernetes-worker kernel: [    0.000000] BIOS-e820: [mem 0x0000000000059000-0x0000000000085fff] usable
Nov  6 09:37:00 kubernetes-worker kernel: [    0.000000] BIOS-e820: [mem 0x0000000000086000-0x00000000000fffff] reserved
Nov  6 09:37:00 kubernetes-worker kernel: [    0.000000] BIOS-e820: [mem 0x0000000000100000-0x000000000fffffff] usable
Nov  6 09:37:00 kubernetes-worker kernel: [    0.000000] BIOS-e820: [mem 0x0000000010000000-0x0000000012150fff] reserved
Nov  6 09:37:00 kubernetes-worker kernel: [    0.000000] BIOS-e820: [mem 0x0000000012151000-0x00000000746e6fff] usable
Nov  6 09:37:00 kubernetes-worker kernel: [    0.000000] BIOS-e820: [mem 0x00000000746e7000-0x00000000778e6fff] reserved
Nov  6 09:37:00 kubernetes-worker kernel: [    0.000000] BIOS-e820: [mem 0x00000000778e7000-0x0000000077946fff] ACPI NVS
Nov  6 09:37:00 kubernetes-worker kernel: [    0.000000] BIOS-e820: [mem 0x0000000077947000-0x00000000779c6fff] ACPI data
Nov  6 09:37:00 kubernetes-worker kernel: [    0.000000] BIOS-e820: [mem 0x00000000779c7000-0x0000000079bfffff] usable
Nov  6 09:37:00 kubernetes-worker kernel: [    0.000000] BIOS-e820: [mem 0x0000000079c00000-0x000000007fffffff] reserved
Nov  6 09:37:00 kubernetes-worker kernel: [    0.000000] BIOS-e820: [mem 0x00000000d3709000-0x00000000d3709fff] reserved
Nov  6 09:37:00 kubernetes-worker kernel: [    0.000000] BIOS-e820: [mem 0x00000000e0000000-0x00000000e3ffffff] reserved
Nov  6 09:37:00 kubernetes-worker kernel: [    0.000000] BIOS-e820: [mem 0x00000000fed01000-0x00000000fed01fff] reserved
Nov  6 09:37:00 kubernetes-worker kernel: [    0.000000] BIOS-e820: [mem 0x00000000ff800000-0x00000000ffffffff] reserved
Nov  6 09:37:00 kubernetes-worker kernel: [    0.000000] BIOS-e820: [mem 0x0000000100000000-0x000000027fffffff] usable
Nov  6 09:37:00 kubernetes-worker kernel: [    0.000000] NX (Execute Disable) protection: active
Nov  6 09:37:00 kubernetes-worker kernel: [    0.000000] e820: update [mem 0x67b73018-0x67b83057] usable ==> usable
Nov  6 09:37:00 kubernetes-worker kernel: [    0.000000] e820: update [mem 0x67b73018-0x67b83057] usable ==> usable
Nov  6 09:37:00 kubernetes-worker kernel: [    0.000000] extended physical RAM map:
Nov  6 09:37:00 kubernetes-worker kernel: [    0.000000] reserve setup_data: [mem 0x0000000000000000-0x0000000000057fff] usable
Nov  6 09:37:00 kubernetes-worker kernel: [    0.000000] reserve setup_data: [mem 0x0000000000058000-0x0000000000058fff] reserved
Nov  6 09:37:00 kubernetes-worker kernel: [    0.000000] reserve setup_data: [mem 0x0000000000059000-0x0000000000085fff] usable
Nov  6 09:37:00 kubernetes-worker kernel: [    0.000000] reserve setup_data: [mem 0x0000000000086000-0x00000000000fffff] reserved
Nov  6 09:37:00 kubernetes-worker kernel: [    0.000000] reserve setup_data: [mem 0x0000000000100000-0x000000000fffffff] usable
Nov  6 09:37:00 kubernetes-worker kernel: [    0.000000] reserve setup_data: [mem 0x0000000010000000-0x0000000012150fff] reserved
Nov  6 09:37:00 kubernetes-worker kernel: [    0.000000] reserve setup_data: [mem 0x0000000012151000-0x0000000067b73017] usable
Nov  6 09:37:00 kubernetes-worker kernel: [    0.000000] reserve setup_data: [mem 0x0000000067b73018-0x0000000067b83057] usable
Nov  6 09:37:00 kubernetes-worker kernel: [    0.000000] reserve setup_data: [mem 0x0000000067b83058-0x00000000746e6fff] usable
Nov  6 09:37:00 kubernetes-worker kernel: [    0.000000] reserve setup_data: [mem 0x00000000746e7000-0x00000000778e6fff] reserved
Nov  6 09:37:00 kubernetes-worker kernel: [    0.000000] reserve setup_data: [mem 0x00000000778e7000-0x0000000077946fff] ACPI NVS
Nov  6 09:37:00 kubernetes-worker kernel: [    0.000000] reserve setup_data: [mem 0x0000000077947000-0x00000000779c6fff] ACPI data
Nov  6 09:37:00 kubernetes-worker kernel: [    0.000000] reserve setup_data: [mem 0x00000000779c7000-0x0000000079bfffff] usable
Nov  6 09:37:00 kubernetes-worker kernel: [    0.000000] reserve setup_data: [mem 0x0000000079c00000-0x000000007fffffff] reserved
Nov  6 09:37:00 kubernetes-worker kernel: [    0.000000] reserve setup_data: [mem 0x00000000d3709000-0x00000000d3709fff] reserved
Nov  6 09:37:00 kubernetes-worker kernel: [    0.000000] reserve setup_data: [mem 0x00000000e0000000-0x00000000e3ffffff] reserved
Nov  6 09:37:00 kubernetes-worker kernel: [    0.000000] reserve setup_data: [mem 0x00000000fed01000-0x00000000fed01fff] reserved
Nov  6 09:37:00 kubernetes-worker kernel: [    0.000000] reserve setup_data: [mem 0x00000000ff800000-0x00000000ffffffff] reserved
Nov  6 09:37:00 kubernetes-worker kernel: [    0.000000] reserve setup_data: [mem 0x0000000100000000-0x000000027fffffff] usable
Nov  6 09:37:00 kubernetes-worker kernel: [    0.000000] efi: EFI v2.60 by INSYDE Corp.
Nov  6 09:37:00 kubernetes-worker kernel: [    0.000000] efi: TPMFinalLog=0x778df000 ACPI=0x779c6000 ACPI 2.0=0x779c6014 SMBIOS=0x749ab000 SMBIOS 3.0=0x749a9000 ESRT=0x74995b98 MEMATTR=0x718db018 MOKvar=0x7498e000 RNG=0x7798c018 TPMEventLog=0x67b84018 
Nov  6 09:37:00 kubernetes-worker kernel: [    0.000000] random: crng init done
Nov  6 09:37:00 kubernetes-worker kernel: [    0.000000] efi: Not removing mem52: MMIO range=[0xd3709000-0xd3709fff] (4KB) from e820 map
Nov  6 09:37:00 kubernetes-worker kernel: [    0.000000] efi: Remove mem53: MMIO range=[0xe0000000-0xe3ffffff] (64MB) from e820 map
Nov  6 09:37:00 kubernetes-worker kernel: [    0.000000] e820: remove [mem 0xe0000000-0xe3ffffff] reserved
Nov  6 09:37:00 kubernetes-worker kernel: [    0.000000] efi: Not removing mem54: MMIO range=[0xfed01000-0xfed01fff] (4KB) from e820 map
Nov  6 09:37:00 kubernetes-worker kernel: [    0.000000] efi: Remove mem55: MMIO range=[0xff800000-0xffffffff] (8MB) from e820 map
Nov  6 09:37:00 kubernetes-worker kernel: [    0.000000] e820: remove [mem 0xff800000-0xffffffff] reserved
Nov  6 09:37:00 kubernetes-worker kernel: [    0.000000] secureboot: Secure boot enabled
Nov  6 09:37:00 kubernetes-worker kernel: [    0.000000] Kernel is locked down from EFI Secure Boot mode; see man kernel_lockdown.7
Nov  6 09:37:00 kubernetes-worker kernel: [    0.000000] SMBIOS 3.0.1 present.
Nov  6 09:37:00 kubernetes-worker kernel: [    0.000000] DMI: HP HP Laptop 15-dw1xxx/85F5, BIOS F.53 10/15/2021
Nov  6 09:37:00 kubernetes-worker kernel: [    0.000000] tsc: Fast TSC calibration using PIT
Nov  6 09:37:00 kubernetes-worker kernel: [    0.000000] tsc: Detected 1094.400 MHz processor
Nov  6 09:37:00 kubernetes-worker kernel: [    0.000027] e820: update [mem 0x00000000-0x00000fff] usable ==> reserved
Nov  6 09:37:00 kubernetes-worker kernel: [    0.000038] e820: remove [mem 0x000a0000-0x000fffff] usable
Nov  6 09:37:00 kubernetes-worker kernel: [    0.000067] last_pfn = 0x280000 max_arch_pfn = 0x400000000
Nov  6 09:37:00 kubernetes-worker kernel: [    0.000083] x86/PAT: Configuration [0-7]: WB  WC  UC- UC  WB  WP  UC- WT  
Nov  6 09:37:00 kubernetes-worker kernel: [    0.000213] last_pfn = 0x79c00 max_arch_pfn = 0x400000000
Nov  6 09:37:00 kubernetes-worker kernel: [    0.012134] esrt: Reserving ESRT space from 0x0000000074995b98 to 0x0000000074995bd0.
Nov  6 09:37:00 kubernetes-worker kernel: [    0.012165] Using GB pages for direct mapping
Nov  6 09:37:00 kubernetes-worker kernel: [    0.013064] secureboot: Secure boot enabled
Nov  6 09:37:00 kubernetes-worker kernel: [    0.013066] RAMDISK: [mem 0x67b8e000-0x6bdf2fff]
Nov  6 09:37:00 kubernetes-worker kernel: [    0.013083] ACPI: Early table checksum verification disabled
Nov  6 09:37:00 kubernetes-worker kernel: [    0.013092] ACPI: RSDP 0x00000000779C6014 000024 (v02 HPQOEM)
Nov  6 09:37:00 kubernetes-worker kernel: [    0.013106] ACPI: XSDT 0x00000000779AB188 000124 (v01 HPQOEM SLIC-MPC 00000003 HP   01000013)
Nov  6 09:37:00 kubernetes-worker kernel: [    0.013125] ACPI: FACP 0x00000000779B2000 000114 (v06 HPQOEM SLIC-MPC 00000003 HP   00040000)
Nov  6 09:37:00 kubernetes-worker kernel: [    0.013144] ACPI: DSDT 0x000000007799D000 00CCF0 (v02 HPQOEM 85F5     00000003 ACPI 00040000)
Nov  6 09:37:00 kubernetes-worker kernel: [    0.013158] ACPI: FACS 0x000000007793B000 000040
Nov  6 09:37:00 kubernetes-worker kernel: [    0.013168] ACPI: FACS 0x000000007793B000 000040
Nov  6 09:37:00 kubernetes-worker kernel: [    0.013178] ACPI: UEFI 0x00000000779C5000 000236 (v01 HPQOEM 85F5     00000001 HP   00040000)
Nov  6 09:37:00 kubernetes-worker kernel: [    0.013190] ACPI: SSDT 0x00000000779C4000 000224 (v01 HPQOEM 85F5     00001000 ACPI 00040000)
Nov  6 09:37:00 kubernetes-worker kernel: [    0.013202] ACPI: IHIS 0x00000000779C3000 000038 (v01 HPQOEM 85F5     00000001 HP   00040000)
Nov  6 09:37:00 kubernetes-worker kernel: [    0.013214] ACPI: UEFI 0x00000000779C2000 000042 (v01 HPQOEM 85F5     00000002 HP   00040000)
Nov  6 09:37:00 kubernetes-worker kernel: [    0.013225] ACPI: SSDT 0x00000000779C1000 000554 (v01 HPQOEM 85F5     00001000 ACPI 00040000)
Nov  6 09:37:00 kubernetes-worker kernel: [    0.013237] ACPI: TPM2 0x00000000779C0000 000034 (v04 HPQOEM 85F5     00000002 HP   00040000)
Nov  6 09:37:00 kubernetes-worker kernel: [    0.013249] ACPI: SSDT 0x00000000779BF000 00016F (v01 HPQOEM 85F5     00001000 ACPI 00040000)
Nov  6 09:37:00 kubernetes-worker kernel: [    0.013260] ACPI: SSDT 0x00000000779B8000 006BA9 (v01 HPQOEM 85F5     00001000 ACPI 00040000)
Nov  6 09:37:00 kubernetes-worker kernel: [    0.013272] ACPI: MSDM 0x00000000779B7000 000055 (v03 HPQOEM SLIC-MPC 00000001 HP   00040000)
Nov  6 09:37:00 kubernetes-worker kernel: [    0.013284] ACPI: BDAT 0x00000000779B6000 000030 (v02 HPQOEM 85F5     00000000 HP   00040000)
Nov  6 09:37:00 kubernetes-worker kernel: [    0.013295] ACPI: DBG2 0x00000000779B5000 000072 (v00 HPQOEM 85F5     00000003 HP   00040000)
Nov  6 09:37:00 kubernetes-worker kernel: [    0.013307] ACPI: DBGP 0x00000000779B4000 000034 (v01 HPQOEM SLIC-MPC 00000003 HP   00040000)
Nov  6 09:37:00 kubernetes-worker kernel: [    0.013318] ACPI: HPET 0x00000000779B1000 000038 (v01 HPQOEM 85F5     00000003 HP   00040000)
Nov  6 09:37:00 kubernetes-worker kernel: [    0.013330] ACPI: LPIT 0x00000000779B0000 00005C (v01 HPQOEM 85F5     00000003 HP   00040000)
Nov  6 09:37:00 kubernetes-worker kernel: [    0.013341] ACPI: APIC 0x00000000779AF000 000084 (v03 HPQOEM 85F5     00000003 HP   00040000)
Nov  6 09:37:00 kubernetes-worker kernel: [    0.013353] ACPI: MCFG 0x00000000779AE000 00003C (v01 HPQOEM 85F5     00000003 HP   00040000)
Nov  6 09:37:00 kubernetes-worker kernel: [    0.013364] ACPI: NPKT 0x00000000779AD000 000065 (v01 HPQOEM 85F5     00000003 HP   00040000)
Nov  6 09:37:00 kubernetes-worker kernel: [    0.013376] ACPI: PRAM 0x00000000779AC000 000030 (v01 HPQOEM 85F5     00000003 HP   00040000)
Nov  6 09:37:00 kubernetes-worker kernel: [    0.013388] ACPI: WSMT 0x00000000779AA000 000028 (v01 HPQOEM 85F5     00000003 HP   00040000)
Nov  6 09:37:00 kubernetes-worker kernel: [    0.013399] ACPI: SSDT 0x000000007799A000 0027D0 (v02 HPQOEM DptfTab  00000003 ACPI 00040000)
Nov  6 09:37:00 kubernetes-worker kernel: [    0.013411] ACPI: SSDT 0x0000000077999000 000083 (v01 HPQOEM 85F5     00000003 ACPI 00040000)
Nov  6 09:37:00 kubernetes-worker kernel: [    0.013422] ACPI: SSDT 0x0000000077998000 00016F (v01 HPQOEM 85F5     00001000 ACPI 00040000)
Nov  6 09:37:00 kubernetes-worker kernel: [    0.013434] ACPI: SSDT 0x0000000077997000 00047B (v02 HPQOEM 85F5     00003000 ACPI 00040000)
Nov  6 09:37:00 kubernetes-worker kernel: [    0.013446] ACPI: SSDT 0x0000000077996000 000730 (v02 HPQOEM 85F5     00003000 ACPI 00040000)
Nov  6 09:37:00 kubernetes-worker kernel: [    0.013457] ACPI: SSDT 0x0000000077995000 00032D (v02 HPQOEM 85F5     00003000 ACPI 00040000)
Nov  6 09:37:00 kubernetes-worker kernel: [    0.013469] ACPI: SSDT 0x0000000077994000 00017C (v02 HPQOEM 85F5     00003000 ACPI 00040000)
Nov  6 09:37:00 kubernetes-worker kernel: [    0.013480] ACPI: SSDT 0x0000000077990000 0033A6 (v02 HPQOEM 85F5     00003000 ACPI 00040000)
Nov  6 09:37:00 kubernetes-worker kernel: [    0.013492] ACPI: FPDT 0x000000007798F000 000044 (v01 HPQOEM SLIC-MPC 00000002 HP   00040000)
Nov  6 09:37:00 kubernetes-worker kernel: [    0.013504] ACPI: SSDT 0x000000007798E000 0005FC (v01 HPQOEM 85F5     00001000 ACPI 00040000)
Nov  6 09:37:00 kubernetes-worker kernel: [    0.013515] ACPI: BGRT 0x000000007798D000 000038 (v01 HPQOEM 85F5     00000001 HP   00040000)
Nov  6 09:37:00 kubernetes-worker kernel: [    0.013527] ACPI: WDAT 0x00000000779B3000 000104 (v01 HPQOEM 85F5     00000000 HP   00040000)
Nov  6 09:37:00 kubernetes-worker kernel: [    0.013537] ACPI: Reserving FACP table memory at [mem 0x779b2000-0x779b2113]
Nov  6 09:37:00 kubernetes-worker kernel: [    0.013542] ACPI: Reserving DSDT table memory at [mem 0x7799d000-0x779a9cef]
Nov  6 09:37:00 kubernetes-worker kernel: [    0.013546] ACPI: Reserving FACS table memory at [mem 0x7793b000-0x7793b03f]
Nov  6 09:37:00 kubernetes-worker kernel: [    0.013549] ACPI: Reserving FACS table memory at [mem 0x7793b000-0x7793b03f]
Nov  6 09:37:00 kubernetes-worker kernel: [    0.013553] ACPI: Reserving UEFI table memory at [mem 0x779c5000-0x779c5235]
Nov  6 09:37:00 kubernetes-worker kernel: [    0.013556] ACPI: Reserving SSDT table memory at [mem 0x779c4000-0x779c4223]
Nov  6 09:37:00 kubernetes-worker kernel: [    0.013560] ACPI: Reserving IHIS table memory at [mem 0x779c3000-0x779c3037]
Nov  6 09:37:00 kubernetes-worker kernel: [    0.013563] ACPI: Reserving UEFI table memory at [mem 0x779c2000-0x779c2041]
Nov  6 09:37:00 kubernetes-worker kernel: [    0.013567] ACPI: Reserving SSDT table memory at [mem 0x779c1000-0x779c1553]
Nov  6 09:37:00 kubernetes-worker kernel: [    0.013570] ACPI: Reserving TPM2 table memory at [mem 0x779c0000-0x779c0033]
Nov  6 09:37:00 kubernetes-worker kernel: [    0.013574] ACPI: Reserving SSDT table memory at [mem 0x779bf000-0x779bf16e]
Nov  6 09:37:00 kubernetes-worker kernel: [    0.013577] ACPI: Reserving SSDT table memory at [mem 0x779b8000-0x779beba8]
Nov  6 09:37:00 kubernetes-worker kernel: [    0.013581] ACPI: Reserving MSDM table memory at [mem 0x779b7000-0x779b7054]
Nov  6 09:37:00 kubernetes-worker kernel: [    0.013584] ACPI: Reserving BDAT table memory at [mem 0x779b6000-0x779b602f]
Nov  6 09:37:00 kubernetes-worker kernel: [    0.013588] ACPI: Reserving DBG2 table memory at [mem 0x779b5000-0x779b5071]
Nov  6 09:37:00 kubernetes-worker kernel: [    0.013591] ACPI: Reserving DBGP table memory at [mem 0x779b4000-0x779b4033]
Nov  6 09:37:00 kubernetes-worker kernel: [    0.013595] ACPI: Reserving HPET table memory at [mem 0x779b1000-0x779b1037]
Nov  6 09:37:00 kubernetes-worker kernel: [    0.013599] ACPI: Reserving LPIT table memory at [mem 0x779b0000-0x779b005b]
Nov  6 09:37:00 kubernetes-worker kernel: [    0.013602] ACPI: Reserving APIC table memory at [mem 0x779af000-0x779af083]
Nov  6 09:37:00 kubernetes-worker kernel: [    0.013606] ACPI: Reserving MCFG table memory at [mem 0x779ae000-0x779ae03b]
Nov  6 09:37:00 kubernetes-worker kernel: [    0.013609] ACPI: Reserving NPKT table memory at [mem 0x779ad000-0x779ad064]
Nov  6 09:37:00 kubernetes-worker kernel: [    0.013613] ACPI: Reserving PRAM table memory at [mem 0x779ac000-0x779ac02f]
Nov  6 09:37:00 kubernetes-worker kernel: [    0.013617] ACPI: Reserving WSMT table memory at [mem 0x779aa000-0x779aa027]
Nov  6 09:37:00 kubernetes-worker kernel: [    0.013620] ACPI: Reserving SSDT table memory at [mem 0x7799a000-0x7799c7cf]
Nov  6 09:37:00 kubernetes-worker kernel: [    0.013624] ACPI: Reserving SSDT table memory at [mem 0x77999000-0x77999082]
Nov  6 09:37:00 kubernetes-worker kernel: [    0.013628] ACPI: Reserving SSDT table memory at [mem 0x77998000-0x7799816e]
Nov  6 09:37:00 kubernetes-worker kernel: [    0.013631] ACPI: Reserving SSDT table memory at [mem 0x77997000-0x7799747a]
Nov  6 09:37:00 kubernetes-worker kernel: [    0.013635] ACPI: Reserving SSDT table memory at [mem 0x77996000-0x7799672f]
Nov  6 09:37:00 kubernetes-worker kernel: [    0.013639] ACPI: Reserving SSDT table memory at [mem 0x77995000-0x7799532c]
Nov  6 09:37:00 kubernetes-worker kernel: [    0.013642] ACPI: Reserving SSDT table memory at [mem 0x77994000-0x7799417b]
Nov  6 09:37:00 kubernetes-worker kernel: [    0.013646] ACPI: Reserving SSDT table memory at [mem 0x77990000-0x779933a5]
Nov  6 09:37:00 kubernetes-worker kernel: [    0.013650] ACPI: Reserving FPDT table memory at [mem 0x7798f000-0x7798f043]
Nov  6 09:37:00 kubernetes-worker kernel: [    0.013654] ACPI: Reserving SSDT table memory at [mem 0x7798e000-0x7798e5fb]
Nov  6 09:37:00 kubernetes-worker kernel: [    0.013657] ACPI: Reserving BGRT table memory at [mem 0x7798d000-0x7798d037]
Nov  6 09:37:00 kubernetes-worker kernel: [    0.013661] ACPI: Reserving WDAT table memory at [mem 0x779b3000-0x779b3103]
Nov  6 09:37:00 kubernetes-worker kernel: [    0.014280] No NUMA configuration found
Nov  6 09:37:00 kubernetes-worker kernel: [    0.014285] Faking a node at [mem 0x0000000000000000-0x000000027fffffff]
Nov  6 09:37:00 kubernetes-worker kernel: [    0.014321] NODE_DATA(0) allocated [mem 0x27ffd2000-0x27fffcfff]
Nov  6 09:37:00 kubernetes-worker kernel: [    0.015145] Zone ranges:
Nov  6 09:37:00 kubernetes-worker kernel: [    0.015148]   DMA      [mem 0x0000000000001000-0x0000000000ffffff]
Nov  6 09:37:00 kubernetes-worker kernel: [    0.015155]   DMA32    [mem 0x0000000001000000-0x00000000ffffffff]
Nov  6 09:37:00 kubernetes-worker kernel: [    0.015161]   Normal   [mem 0x0000000100000000-0x000000027fffffff]
Nov  6 09:37:00 kubernetes-worker kernel: [    0.015166]   Device   empty
Nov  6 09:37:00 kubernetes-worker kernel: [    0.015170] Movable zone start for each node
Nov  6 09:37:00 kubernetes-worker kernel: [    0.015178] Early memory node ranges
Nov  6 09:37:00 kubernetes-worker kernel: [    0.015180]   node   0: [mem 0x0000000000001000-0x0000000000057fff]
Nov  6 09:37:00 kubernetes-worker kernel: [    0.015185]   node   0: [mem 0x0000000000059000-0x0000000000085fff]
Nov  6 09:37:00 kubernetes-worker kernel: [    0.015188]   node   0: [mem 0x0000000000100000-0x000000000fffffff]
Nov  6 09:37:00 kubernetes-worker kernel: [    0.015192]   node   0: [mem 0x0000000012151000-0x00000000746e6fff]
Nov  6 09:37:00 kubernetes-worker kernel: [    0.015196]   node   0: [mem 0x00000000779c7000-0x0000000079bfffff]
Nov  6 09:37:00 kubernetes-worker kernel: [    0.015199]   node   0: [mem 0x0000000100000000-0x000000027fffffff]
Nov  6 09:37:00 kubernetes-worker kernel: [    0.015206] Initmem setup node 0 [mem 0x0000000000001000-0x000000027fffffff]
Nov  6 09:37:00 kubernetes-worker kernel: [    0.015220] On node 0, zone DMA: 1 pages in unavailable ranges
Nov  6 09:37:00 kubernetes-worker kernel: [    0.015225] On node 0, zone DMA: 1 pages in unavailable ranges
Nov  6 09:37:00 kubernetes-worker kernel: [    0.015293] On node 0, zone DMA: 122 pages in unavailable ranges
Nov  6 09:37:00 kubernetes-worker kernel: [    0.023801] On node 0, zone DMA32: 8529 pages in unavailable ranges
Nov  6 09:37:00 kubernetes-worker kernel: [    0.024408] On node 0, zone DMA32: 13024 pages in unavailable ranges
Nov  6 09:37:00 kubernetes-worker kernel: [    0.053395] On node 0, zone Normal: 25600 pages in unavailable ranges
Nov  6 09:37:00 kubernetes-worker kernel: [    0.053430] Reserving Intel graphics memory at [mem 0x7c000000-0x7fffffff]
Nov  6 09:37:00 kubernetes-worker kernel: [    0.053691] ACPI: PM-Timer IO Port: 0x408
Nov  6 09:37:00 kubernetes-worker kernel: [    0.053716] ACPI: LAPIC_NMI (acpi_id[0x01] high level lint[0x1])
Nov  6 09:37:00 kubernetes-worker kernel: [    0.053723] ACPI: LAPIC_NMI (acpi_id[0x02] high level lint[0x1])
Nov  6 09:37:00 kubernetes-worker kernel: [    0.053726] ACPI: LAPIC_NMI (acpi_id[0x03] high level lint[0x1])
Nov  6 09:37:00 kubernetes-worker kernel: [    0.053729] ACPI: LAPIC_NMI (acpi_id[0x04] high level lint[0x1])
Nov  6 09:37:00 kubernetes-worker kernel: [    0.053769] IOAPIC[0]: apic_id 1, version 32, address 0xfec00000, GSI 0-119
Nov  6 09:37:00 kubernetes-worker kernel: [    0.053779] ACPI: INT_SRC_OVR (bus 0 bus_irq 0 global_irq 2 dfl dfl)
Nov  6 09:37:00 kubernetes-worker kernel: [    0.053786] ACPI: INT_SRC_OVR (bus 0 bus_irq 9 global_irq 9 low level)
Nov  6 09:37:00 kubernetes-worker kernel: [    0.053800] ACPI: Using ACPI (MADT) for SMP configuration information
Nov  6 09:37:00 kubernetes-worker kernel: [    0.053804] ACPI: HPET id: 0x8086a701 base: 0xfed00000
Nov  6 09:37:00 kubernetes-worker kernel: [    0.053826] e820: update [mem 0x71944000-0x7194dfff] usable ==> reserved
Nov  6 09:37:00 kubernetes-worker kernel: [    0.053868] TSC deadline timer available
Nov  6 09:37:00 kubernetes-worker kernel: [    0.053872] smpboot: Allowing 4 CPUs, 2 hotplug CPUs
Nov  6 09:37:00 kubernetes-worker kernel: [    0.053932] PM: hibernation: Registered nosave memory: [mem 0x00000000-0x00000fff]
Nov  6 09:37:00 kubernetes-worker kernel: [    0.053940] PM: hibernation: Registered nosave memory: [mem 0x00058000-0x00058fff]
Nov  6 09:37:00 kubernetes-worker kernel: [    0.053946] PM: hibernation: Registered nosave memory: [mem 0x00086000-0x000fffff]
Nov  6 09:37:00 kubernetes-worker kernel: [    0.053952] PM: hibernation: Registered nosave memory: [mem 0x10000000-0x12150fff]
Nov  6 09:37:00 kubernetes-worker kernel: [    0.053959] PM: hibernation: Registered nosave memory: [mem 0x67b73000-0x67b73fff]
Nov  6 09:37:00 kubernetes-worker kernel: [    0.053965] PM: hibernation: Registered nosave memory: [mem 0x67b83000-0x67b83fff]
Nov  6 09:37:00 kubernetes-worker kernel: [    0.053972] PM: hibernation: Registered nosave memory: [mem 0x71944000-0x7194dfff]
Nov  6 09:37:00 kubernetes-worker kernel: [    0.053978] PM: hibernation: Registered nosave memory: [mem 0x746e7000-0x778e6fff]
Nov  6 09:37:00 kubernetes-worker kernel: [    0.053981] PM: hibernation: Registered nosave memory: [mem 0x778e7000-0x77946fff]
Nov  6 09:37:00 kubernetes-worker kernel: [    0.053984] PM: hibernation: Registered nosave memory: [mem 0x77947000-0x779c6fff]
Nov  6 09:37:00 kubernetes-worker kernel: [    0.053991] PM: hibernation: Registered nosave memory: [mem 0x79c00000-0x7fffffff]
Nov  6 09:37:00 kubernetes-worker kernel: [    0.053994] PM: hibernation: Registered nosave memory: [mem 0x80000000-0xd3708fff]
Nov  6 09:37:00 kubernetes-worker kernel: [    0.053997] PM: hibernation: Registered nosave memory: [mem 0xd3709000-0xd3709fff]
Nov  6 09:37:00 kubernetes-worker kernel: [    0.054000] PM: hibernation: Registered nosave memory: [mem 0xd370a000-0xfed00fff]
Nov  6 09:37:00 kubernetes-worker kernel: [    0.054003] PM: hibernation: Registered nosave memory: [mem 0xfed01000-0xfed01fff]
Nov  6 09:37:00 kubernetes-worker kernel: [    0.054006] PM: hibernation: Registered nosave memory: [mem 0xfed02000-0xffffffff]
Nov  6 09:37:00 kubernetes-worker kernel: [    0.054011] [mem 0x80000000-0xd3708fff] available for PCI devices
Nov  6 09:37:00 kubernetes-worker kernel: [    0.054016] Booting paravirtualized kernel on bare hardware
Nov  6 09:37:00 kubernetes-worker kernel: [    0.054022] clocksource: refined-jiffies: mask: 0xffffffff max_cycles: 0xffffffff, max_idle_ns: 7645519600211568 ns
Nov  6 09:37:00 kubernetes-worker kernel: [    0.054049] setup_percpu: NR_CPUS:8192 nr_cpumask_bits:4 nr_cpu_ids:4 nr_node_ids:1
Nov  6 09:37:00 kubernetes-worker kernel: [    0.054882] percpu: Embedded 62 pages/cpu s217088 r8192 d28672 u524288
Nov  6 09:37:00 kubernetes-worker kernel: [    0.054906] pcpu-alloc: s217088 r8192 d28672 u524288 alloc=1*2097152
Nov  6 09:37:00 kubernetes-worker kernel: [    0.054915] pcpu-alloc: [0] 0 1 2 3 
Nov  6 09:37:00 kubernetes-worker kernel: [    0.055016] Fallback order for Node 0: 0 
Nov  6 09:37:00 kubernetes-worker kernel: [    0.055026] Built 1 zonelists, mobility grouping on.  Total pages: 2017711
Nov  6 09:37:00 kubernetes-worker kernel: [    0.055031] Policy zone: Normal
Nov  6 09:37:00 kubernetes-worker kernel: [    0.055035] Kernel command line: BOOT_IMAGE=/boot/vmlinuz-6.2.0-36-generic root=UUID=d178ccf5-72fa-4e21-b059-82fe4a26d58a ro quiet splash vt.handoff=7
Nov  6 09:37:00 kubernetes-worker kernel: [    0.055335] Unknown kernel command line parameters "splash BOOT_IMAGE=/boot/vmlinuz-6.2.0-36-generic", will be passed to user space.
Nov  6 09:37:00 kubernetes-worker kernel: [    0.057613] Dentry cache hash table entries: 1048576 (order: 11, 8388608 bytes, linear)
Nov  6 09:37:00 kubernetes-worker kernel: [    0.058755] Inode-cache hash table entries: 524288 (order: 10, 4194304 bytes, linear)
Nov  6 09:37:00 kubernetes-worker kernel: [    0.058940] mem auto-init: stack:off, heap alloc:on, heap free:off
Nov  6 09:37:00 kubernetes-worker kernel: [    0.058958] software IO TLB: area num 4.
Nov  6 09:37:00 kubernetes-worker kernel: [    0.153337] Memory: 7787904K/8199500K available (20480K kernel code, 4153K rwdata, 12732K rodata, 4768K init, 17536K bss, 411336K reserved, 0K cma-reserved)
Nov  6 09:37:00 kubernetes-worker kernel: [    0.153760] SLUB: HWalign=64, Order=0-3, MinObjects=0, CPUs=4, Nodes=1
Nov  6 09:37:00 kubernetes-worker kernel: [    0.153840] ftrace: allocating 53440 entries in 209 pages
Nov  6 09:37:00 kubernetes-worker kernel: [    0.176076] ftrace: allocated 209 pages with 4 groups
Nov  6 09:37:00 kubernetes-worker kernel: [    0.178235] Dynamic Preempt: voluntary
Nov  6 09:37:00 kubernetes-worker kernel: [    0.178316] rcu: Preemptible hierarchical RCU implementation.
Nov  6 09:37:00 kubernetes-worker kernel: [    0.178319] rcu: 	RCU restricting CPUs from NR_CPUS=8192 to nr_cpu_ids=4.
Nov  6 09:37:00 kubernetes-worker kernel: [    0.178324] 	Trampoline variant of Tasks RCU enabled.
Nov  6 09:37:00 kubernetes-worker kernel: [    0.178325] 	Rude variant of Tasks RCU enabled.
Nov  6 09:37:00 kubernetes-worker kernel: [    0.178327] 	Tracing variant of Tasks RCU enabled.
Nov  6 09:37:00 kubernetes-worker kernel: [    0.178329] rcu: RCU calculated value of scheduler-enlistment delay is 25 jiffies.
Nov  6 09:37:00 kubernetes-worker kernel: [    0.178332] rcu: Adjusting geometry for rcu_fanout_leaf=16, nr_cpu_ids=4
Nov  6 09:37:00 kubernetes-worker kernel: [    0.189396] NR_IRQS: 524544, nr_irqs: 1024, preallocated irqs: 16
Nov  6 09:37:00 kubernetes-worker kernel: [    0.189729] rcu: srcu_init: Setting srcu_struct sizes based on contention.
Nov  6 09:37:00 kubernetes-worker kernel: [    0.190006] Console: colour dummy device 80x25
Nov  6 09:37:00 kubernetes-worker kernel: [    0.190014] printk: console [tty0] enabled
Nov  6 09:37:00 kubernetes-worker kernel: [    0.190153] ACPI: Core revision 20221020
Nov  6 09:37:00 kubernetes-worker kernel: [    0.191070] clocksource: hpet: mask: 0xffffffff max_cycles: 0xffffffff, max_idle_ns: 99544814920 ns
Nov  6 09:37:00 kubernetes-worker kernel: [    0.191184] APIC: Switch to symmetric I/O mode setup
Nov  6 09:37:00 kubernetes-worker kernel: [    0.192521] x2apic: IRQ remapping doesn't support X2APIC mode
Nov  6 09:37:00 kubernetes-worker kernel: [    0.197456] ..TIMER: vector=0x30 apic1=0 pin1=2 apic2=-1 pin2=-1
Nov  6 09:37:00 kubernetes-worker kernel: [    0.215131] clocksource: tsc-early: mask: 0xffffffffffffffff max_cycles: 0xfc66f4fc7c, max_idle_ns: 440795224246 ns
Nov  6 09:37:00 kubernetes-worker kernel: [    0.215150] Calibrating delay loop (skipped), value calculated using timer frequency.. 2188.80 BogoMIPS (lpj=4377600)
Nov  6 09:37:00 kubernetes-worker kernel: [    0.215197] x86/cpu: VMX (outside TXT) disabled by BIOS
Nov  6 09:37:00 kubernetes-worker kernel: [    0.215211] x86/cpu: SGX disabled by BIOS.
Nov  6 09:37:00 kubernetes-worker kernel: [    0.215232] CPU0: Thermal monitoring enabled (TM1)
Nov  6 09:37:00 kubernetes-worker kernel: [    0.215238] x86/cpu: User Mode Instruction Prevention (UMIP) activated
Nov  6 09:37:00 kubernetes-worker kernel: [    0.215351] process: using mwait in idle threads
Nov  6 09:37:00 kubernetes-worker kernel: [    0.215358] Last level iTLB entries: 4KB 0, 2MB 0, 4MB 0
Nov  6 09:37:00 kubernetes-worker kernel: [    0.215362] Last level dTLB entries: 4KB 0, 2MB 0, 4MB 0, 1GB 0
Nov  6 09:37:00 kubernetes-worker kernel: [    0.215371] Spectre V1 : Mitigation: usercopy/swapgs barriers and __user pointer sanitization
Nov  6 09:37:00 kubernetes-worker kernel: [    0.215379] Spectre V2 : Mitigation: Enhanced IBRS
Nov  6 09:37:00 kubernetes-worker kernel: [    0.215383] Spectre V2 : Spectre v2 / SpectreRSB mitigation: Filling RSB on context switch
Nov  6 09:37:00 kubernetes-worker kernel: [    0.215391] Spectre V2 : mitigation: Enabling conditional Indirect Branch Prediction Barrier
Nov  6 09:37:00 kubernetes-worker kernel: [    0.215397] Speculative Store Bypass: Mitigation: Speculative Store Bypass disabled via prctl
Nov  6 09:37:00 kubernetes-worker kernel: [    0.215410] x86/fpu: Supporting XSAVE feature 0x001: 'x87 floating point registers'
Nov  6 09:37:00 kubernetes-worker kernel: [    0.215415] x86/fpu: Supporting XSAVE feature 0x002: 'SSE registers'
Nov  6 09:37:00 kubernetes-worker kernel: [    0.215418] x86/fpu: Supporting XSAVE feature 0x008: 'MPX bounds registers'
Nov  6 09:37:00 kubernetes-worker kernel: [    0.215421] x86/fpu: Supporting XSAVE feature 0x010: 'MPX CSR'
Nov  6 09:37:00 kubernetes-worker kernel: [    0.215425] x86/fpu: xstate_offset[3]:  576, xstate_sizes[3]:   64
Nov  6 09:37:00 kubernetes-worker kernel: [    0.215430] x86/fpu: xstate_offset[4]:  640, xstate_sizes[4]:   64
Nov  6 09:37:00 kubernetes-worker kernel: [    0.215434] x86/fpu: Enabled xstate features 0x1b, context size is 704 bytes, using 'compacted' format.
Nov  6 09:37:00 kubernetes-worker kernel: [    0.288211] Freeing SMP alternatives memory: 44K
Nov  6 09:37:00 kubernetes-worker kernel: [    0.288223] pid_max: default: 32768 minimum: 301
Nov  6 09:37:00 kubernetes-worker kernel: [    0.295231] LSM: initializing lsm=lockdown,capability,landlock,yama,integrity,apparmor
Nov  6 09:37:00 kubernetes-worker kernel: [    0.295277] landlock: Up and running.
Nov  6 09:37:00 kubernetes-worker kernel: [    0.295280] Yama: becoming mindful.
Nov  6 09:37:00 kubernetes-worker kernel: [    0.295372] AppArmor: AppArmor initialized
Nov  6 09:37:00 kubernetes-worker kernel: [    0.295495] Mount-cache hash table entries: 16384 (order: 5, 131072 bytes, linear)
Nov  6 09:37:00 kubernetes-worker kernel: [    0.295534] Mountpoint-cache hash table entries: 16384 (order: 5, 131072 bytes, linear)
Nov  6 09:37:00 kubernetes-worker kernel: [    0.303307] smpboot: CPU0: Intel(R) Celeron(R) N4020 CPU @ 1.10GHz (family: 0x6, model: 0x7a, stepping: 0x8)
Nov  6 09:37:00 kubernetes-worker kernel: [    0.303751] cblist_init_generic: Setting adjustable number of callback queues.
Nov  6 09:37:00 kubernetes-worker kernel: [    0.303756] cblist_init_generic: Setting shift to 2 and lim to 1.
Nov  6 09:37:00 kubernetes-worker kernel: [    0.303820] cblist_init_generic: Setting adjustable number of callback queues.
Nov  6 09:37:00 kubernetes-worker kernel: [    0.303824] cblist_init_generic: Setting shift to 2 and lim to 1.
Nov  6 09:37:00 kubernetes-worker kernel: [    0.303873] cblist_init_generic: Setting adjustable number of callback queues.
Nov  6 09:37:00 kubernetes-worker kernel: [    0.303877] cblist_init_generic: Setting shift to 2 and lim to 1.
Nov  6 09:37:00 kubernetes-worker kernel: [    0.303930] Performance Events: PEBS fmt3+, Goldmont plus events, 32-deep LBR, full-width counters, Intel PMU driver.
Nov  6 09:37:00 kubernetes-worker kernel: [    0.304016] ... version:                4
Nov  6 09:37:00 kubernetes-worker kernel: [    0.304019] ... bit width:              48
Nov  6 09:37:00 kubernetes-worker kernel: [    0.304021] ... generic registers:      4
Nov  6 09:37:00 kubernetes-worker kernel: [    0.304023] ... value mask:             0000ffffffffffff
Nov  6 09:37:00 kubernetes-worker kernel: [    0.304027] ... max period:             00007fffffffffff
Nov  6 09:37:00 kubernetes-worker kernel: [    0.304030] ... fixed-purpose events:   3
Nov  6 09:37:00 kubernetes-worker kernel: [    0.304032] ... event mask:             000000070000000f
Nov  6 09:37:00 kubernetes-worker kernel: [    0.304292] signal: max sigframe size: 2032
Nov  6 09:37:00 kubernetes-worker kernel: [    0.304333] Estimated ratio of average max frequency by base frequency (times 1024): 2606
Nov  6 09:37:00 kubernetes-worker kernel: [    0.304407] rcu: Hierarchical SRCU implementation.
Nov  6 09:37:00 kubernetes-worker kernel: [    0.304411] rcu: 	Max phase no-delay instances is 1000.
Nov  6 09:37:00 kubernetes-worker kernel: [    0.305832] NMI watchdog: Enabled. Permanently consumes one hw-PMU counter.
Nov  6 09:37:00 kubernetes-worker kernel: [    0.306010] smp: Bringing up secondary CPUs ...
Nov  6 09:37:00 kubernetes-worker kernel: [    0.306376] x86: Booting SMP configuration:
Nov  6 09:37:00 kubernetes-worker kernel: [    0.306380] .... node  #0, CPUs:      #1
Nov  6 09:37:00 kubernetes-worker kernel: [    0.313431] smp: Brought up 1 node, 2 CPUs
Nov  6 09:37:00 kubernetes-worker kernel: [    0.313431] smpboot: Max logical packages: 2
Nov  6 09:37:00 kubernetes-worker kernel: [    0.313431] smpboot: Total of 2 processors activated (4377.60 BogoMIPS)
Nov  6 09:37:00 kubernetes-worker kernel: [    0.313431] devtmpfs: initialized
Nov  6 09:37:00 kubernetes-worker kernel: [    0.315274] x86/mm: Memory block size: 128MB
Nov  6 09:37:00 kubernetes-worker kernel: [    0.317698] ACPI: PM: Registering ACPI NVS region [mem 0x778e7000-0x77946fff] (393216 bytes)
Nov  6 09:37:00 kubernetes-worker kernel: [    0.317834] clocksource: jiffies: mask: 0xffffffff max_cycles: 0xffffffff, max_idle_ns: 7645041785100000 ns
Nov  6 09:37:00 kubernetes-worker kernel: [    0.317862] futex hash table entries: 1024 (order: 4, 65536 bytes, linear)
Nov  6 09:37:00 kubernetes-worker kernel: [    0.317980] pinctrl core: initialized pinctrl subsystem
Nov  6 09:37:00 kubernetes-worker kernel: [    0.318362] PM: RTC time: 08:36:10, date: 2023-11-06
Nov  6 09:37:00 kubernetes-worker kernel: [    0.319808] NET: Registered PF_NETLINK/PF_ROUTE protocol family
Nov  6 09:37:00 kubernetes-worker kernel: [    0.320370] DMA: preallocated 1024 KiB GFP_KERNEL pool for atomic allocations
Nov  6 09:37:00 kubernetes-worker kernel: [    0.320633] DMA: preallocated 1024 KiB GFP_KERNEL|GFP_DMA pool for atomic allocations
Nov  6 09:37:00 kubernetes-worker kernel: [    0.320899] DMA: preallocated 1024 KiB GFP_KERNEL|GFP_DMA32 pool for atomic allocations
Nov  6 09:37:00 kubernetes-worker kernel: [    0.320945] audit: initializing netlink subsys (disabled)
Nov  6 09:37:00 kubernetes-worker kernel: [    0.321109] audit: type=2000 audit(1699259770.128:1): state=initialized audit_enabled=0 res=1
Nov  6 09:37:00 kubernetes-worker kernel: [    0.321448] thermal_sys: Registered thermal governor 'fair_share'
Nov  6 09:37:00 kubernetes-worker kernel: [    0.321453] thermal_sys: Registered thermal governor 'bang_bang'
Nov  6 09:37:00 kubernetes-worker kernel: [    0.321457] thermal_sys: Registered thermal governor 'step_wise'
Nov  6 09:37:00 kubernetes-worker kernel: [    0.321459] thermal_sys: Registered thermal governor 'user_space'
Nov  6 09:37:00 kubernetes-worker kernel: [    0.321462] thermal_sys: Registered thermal governor 'power_allocator'
Nov  6 09:37:00 kubernetes-worker kernel: [    0.321481] EISA bus registered
Nov  6 09:37:00 kubernetes-worker kernel: [    0.321512] cpuidle: using governor ladder
Nov  6 09:37:00 kubernetes-worker kernel: [    0.321527] cpuidle: using governor menu
Nov  6 09:37:00 kubernetes-worker kernel: [    0.321744] ACPI FADT declares the system doesn't support PCIe ASPM, so disable it
Nov  6 09:37:00 kubernetes-worker kernel: [    0.321749] acpiphp: ACPI Hot Plug PCI Controller Driver version: 0.5
Nov  6 09:37:00 kubernetes-worker kernel: [    0.321957] PCI: MMCONFIG for domain 0000 [bus 00-3f] at [mem 0xe0000000-0xe3ffffff] (base 0xe0000000)
Nov  6 09:37:00 kubernetes-worker kernel: [    0.321975] PCI: not using MMCONFIG
Nov  6 09:37:00 kubernetes-worker kernel: [    0.321978] PCI: Using configuration type 1 for base access
Nov  6 09:37:00 kubernetes-worker kernel: [    0.322481] kprobes: kprobe jump-optimization is enabled. All kprobes are optimized if possible.
Nov  6 09:37:00 kubernetes-worker kernel: [    0.340842] HugeTLB: registered 1.00 GiB page size, pre-allocated 0 pages
Nov  6 09:37:00 kubernetes-worker kernel: [    0.340849] HugeTLB: 16380 KiB vmemmap can be freed for a 1.00 GiB page
Nov  6 09:37:00 kubernetes-worker kernel: [    0.340854] HugeTLB: registered 2.00 MiB page size, pre-allocated 0 pages
Nov  6 09:37:00 kubernetes-worker kernel: [    0.340857] HugeTLB: 28 KiB vmemmap can be freed for a 2.00 MiB page
Nov  6 09:37:00 kubernetes-worker kernel: [    0.343419] fbcon: Taking over console
Nov  6 09:37:00 kubernetes-worker kernel: [    0.343419] ACPI: Added _OSI(Module Device)
Nov  6 09:37:00 kubernetes-worker kernel: [    0.343419] ACPI: Added _OSI(Processor Device)
Nov  6 09:37:00 kubernetes-worker kernel: [    0.343419] ACPI: Added _OSI(3.0 _SCP Extensions)
Nov  6 09:37:00 kubernetes-worker kernel: [    0.343419] ACPI: Added _OSI(Processor Aggregator Device)
Nov  6 09:37:00 kubernetes-worker kernel: [    0.393561] ACPI: 14 ACPI AML tables successfully acquired and loaded
Nov  6 09:37:00 kubernetes-worker kernel: [    0.425332] ACPI: Dynamic OEM Table Load:
Nov  6 09:37:00 kubernetes-worker kernel: [    0.425361] ACPI: SSDT 0xFFFF98DC40D1C400 000102 (v02 PmRef  Cpu0Cst  00003001 INTL 20130117)
Nov  6 09:37:00 kubernetes-worker kernel: [    0.428842] ACPI: Dynamic OEM Table Load:
Nov  6 09:37:00 kubernetes-worker kernel: [    0.428867] ACPI: SSDT 0xFFFF98DC40D1C600 00015F (v02 PmRef  ApIst    00003000 INTL 20130117)
Nov  6 09:37:00 kubernetes-worker kernel: [    0.431651] ACPI: Dynamic OEM Table Load:
Nov  6 09:37:00 kubernetes-worker kernel: [    0.431675] ACPI: SSDT 0xFFFF98DC40DE2180 00008D (v02 PmRef  ApCst    00003000 INTL 20130117)
Nov  6 09:37:00 kubernetes-worker kernel: [    0.434916] ACPI: EC: EC started
Nov  6 09:37:00 kubernetes-worker kernel: [    0.434921] ACPI: EC: interrupt blocked
Nov  6 09:37:00 kubernetes-worker kernel: [    0.435788] ACPI: EC: EC_CMD/EC_SC=0x66, EC_DATA=0x62
Nov  6 09:37:00 kubernetes-worker kernel: [    0.435797] ACPI: \_SB_.PCI0.LPCB.EC0_: Boot DSDT EC used to handle transactions
Nov  6 09:37:00 kubernetes-worker kernel: [    0.435803] ACPI: Interpreter enabled
Nov  6 09:37:00 kubernetes-worker kernel: [    0.435888] ACPI: PM: (supports S0 S3 S4 S5)
Nov  6 09:37:00 kubernetes-worker kernel: [    0.435892] ACPI: Using IOAPIC for interrupt routing
Nov  6 09:37:00 kubernetes-worker kernel: [    0.439552] PCI: MMCONFIG for domain 0000 [bus 00-3f] at [mem 0xe0000000-0xe3ffffff] (base 0xe0000000)
Nov  6 09:37:00 kubernetes-worker kernel: [    0.440594] PCI: MMCONFIG at [mem 0xe0000000-0xe3ffffff] reserved as ACPI motherboard resource
Nov  6 09:37:00 kubernetes-worker kernel: [    0.440623] PCI: Using host bridge windows from ACPI; if necessary, use "pci=nocrs" and report a bug
Nov  6 09:37:00 kubernetes-worker kernel: [    0.440628] PCI: Using E820 reservations for host bridge windows
Nov  6 09:37:00 kubernetes-worker kernel: [    0.441581] ACPI: Enabled 10 GPEs in block 00 to 7F
Nov  6 09:37:00 kubernetes-worker kernel: [    0.444943] ACPI: \_SB_.PCI0.RP01.PXSX.DRST: New power resource
Nov  6 09:37:00 kubernetes-worker kernel: [    0.445696] ACPI: \_SB_.PCI0.RP02.PXSX.DRST: New power resource
Nov  6 09:37:00 kubernetes-worker kernel: [    0.445963] ACPI: \_SB_.PCI0.RP03.PC01: New power resource
Nov  6 09:37:00 kubernetes-worker kernel: [    0.446104] ACPI BIOS Error (bug): Could not resolve symbol [\_SB.PCI0.RP03.PEGP.TDGC], AE_NOT_FOUND (20221020/psargs-330)
Nov  6 09:37:00 kubernetes-worker kernel: [    0.446140] 
Nov  6 09:37:00 kubernetes-worker kernel: [    0.446144] No Local Variables are initialized for Method [_ON_]
Nov  6 09:37:00 kubernetes-worker kernel: [    0.446148] 
Nov  6 09:37:00 kubernetes-worker kernel: [    0.446151] No Arguments are initialized for method [_ON_]
Nov  6 09:37:00 kubernetes-worker kernel: [    0.446154] 
Nov  6 09:37:00 kubernetes-worker kernel: [    0.446158] ACPI Error: Aborting method \_SB.PCI0.RP03.PC01._ON due to previous error (AE_NOT_FOUND) (20221020/psparse-529)
Nov  6 09:37:00 kubernetes-worker kernel: [    0.446745] ACPI: \_SB_.PCI0.RP03.PXSX.DRST: New power resource
Nov  6 09:37:00 kubernetes-worker kernel: [    0.447761] ACPI: \_SB_.PCI0.RP04.PXSX.DRST: New power resource
Nov  6 09:37:00 kubernetes-worker kernel: [    0.448494] ACPI: \_SB_.PCI0.RP05.PXSX.DRST: New power resource
Nov  6 09:37:00 kubernetes-worker kernel: [    0.449241] ACPI: \_SB_.PCI0.RP06.PXSX.DRST: New power resource
Nov  6 09:37:00 kubernetes-worker kernel: [    0.460876] ACPI: \_SB_.PCI0.CNVW.WRST: New power resource
Nov  6 09:37:00 kubernetes-worker kernel: [    0.474598] ACPI: \_TZ_.FN00: New power resource
Nov  6 09:37:00 kubernetes-worker kernel: [    0.476351] ACPI: PCI Root Bridge [PCI0] (domain 0000 [bus 00-ff])
Nov  6 09:37:00 kubernetes-worker kernel: [    0.476371] acpi PNP0A08:00: _OSC: OS supports [ExtendedConfig ASPM ClockPM Segments MSI EDR HPX-Type3]
Nov  6 09:37:00 kubernetes-worker kernel: [    0.478789] acpi PNP0A08:00: _OSC: OS now controls [PCIeHotplug SHPCHotplug PME AER PCIeCapability LTR DPC]
Nov  6 09:37:00 kubernetes-worker kernel: [    0.478796] acpi PNP0A08:00: FADT indicates ASPM is unsupported, using BIOS configuration
Nov  6 09:37:00 kubernetes-worker kernel: [    0.478846] acpi PNP0A08:00: [Firmware Info]: MMCONFIG for domain 0000 [bus 00-3f] only partially covers this bridge
Nov  6 09:37:00 kubernetes-worker kernel: [    0.481217] PCI host bridge to bus 0000:00
Nov  6 09:37:00 kubernetes-worker kernel: [    0.481224] pci_bus 0000:00: root bus resource [io  0x0070-0x0077]
Nov  6 09:37:00 kubernetes-worker kernel: [    0.481230] pci_bus 0000:00: root bus resource [io  0x0000-0x006f window]
Nov  6 09:37:00 kubernetes-worker kernel: [    0.481236] pci_bus 0000:00: root bus resource [io  0x0078-0x0cf7 window]
Nov  6 09:37:00 kubernetes-worker kernel: [    0.481241] pci_bus 0000:00: root bus resource [io  0x0d00-0xffff window]
Nov  6 09:37:00 kubernetes-worker kernel: [    0.481247] pci_bus 0000:00: root bus resource [mem 0x000a0000-0x000fffff window]
Nov  6 09:37:00 kubernetes-worker kernel: [    0.481253] pci_bus 0000:00: root bus resource [mem 0x7c000001-0xbfffffff window]
Nov  6 09:37:00 kubernetes-worker kernel: [    0.481258] pci_bus 0000:00: root bus resource [mem 0xe0000000-0xefffffff window]
Nov  6 09:37:00 kubernetes-worker kernel: [    0.481262] pci_bus 0000:00: root bus resource [mem 0xfea00000-0xfeafffff window]
Nov  6 09:37:00 kubernetes-worker kernel: [    0.481267] pci_bus 0000:00: root bus resource [mem 0xfed00000-0xfed003ff window]
Nov  6 09:37:00 kubernetes-worker kernel: [    0.481271] pci_bus 0000:00: root bus resource [mem 0xfed01000-0xfed01fff window]
Nov  6 09:37:00 kubernetes-worker kernel: [    0.481276] pci_bus 0000:00: root bus resource [mem 0xfed03000-0xfed03fff window]
Nov  6 09:37:00 kubernetes-worker kernel: [    0.481280] pci_bus 0000:00: root bus resource [mem 0xfed06000-0xfed06fff window]
Nov  6 09:37:00 kubernetes-worker kernel: [    0.481285] pci_bus 0000:00: root bus resource [mem 0xfed08000-0xfed09fff window]
Nov  6 09:37:00 kubernetes-worker kernel: [    0.481289] pci_bus 0000:00: root bus resource [mem 0xfed80000-0xfedbffff window]
Nov  6 09:37:00 kubernetes-worker kernel: [    0.481294] pci_bus 0000:00: root bus resource [mem 0xfed1c000-0xfed1cfff window]
Nov  6 09:37:00 kubernetes-worker kernel: [    0.481298] pci_bus 0000:00: root bus resource [mem 0xfee00000-0xfeefffff window]
Nov  6 09:37:00 kubernetes-worker kernel: [    0.481307] pci_bus 0000:00: root bus resource [bus 00-ff]
Nov  6 09:37:00 kubernetes-worker kernel: [    0.481360] pci 0000:00:00.0: [8086:31f0] type 00 class 0x060000
Nov  6 09:37:00 kubernetes-worker kernel: [    0.481651] pci 0000:00:00.1: [8086:318c] type 00 class 0x118000
Nov  6 09:37:00 kubernetes-worker kernel: [    0.481692] pci 0000:00:00.1: reg 0x10: [mem 0x80000000-0x80007fff 64bit]
Nov  6 09:37:00 kubernetes-worker kernel: [    0.482002] pci 0000:00:00.3: [8086:3190] type 00 class 0x088000
Nov  6 09:37:00 kubernetes-worker kernel: [    0.482027] pci 0000:00:00.3: reg 0x10: [mem 0xa1316000-0xa1316fff 64bit]
Nov  6 09:37:00 kubernetes-worker kernel: [    0.482260] pci 0000:00:02.0: [8086:3185] type 00 class 0x030000
Nov  6 09:37:00 kubernetes-worker kernel: [    0.482280] pci 0000:00:02.0: reg 0x10: [mem 0xa0000000-0xa0ffffff 64bit]
Nov  6 09:37:00 kubernetes-worker kernel: [    0.482294] pci 0000:00:02.0: reg 0x18: [mem 0x90000000-0x9fffffff 64bit pref]
Nov  6 09:37:00 kubernetes-worker kernel: [    0.482305] pci 0000:00:02.0: reg 0x20: [io  0x3000-0x303f]
Nov  6 09:37:00 kubernetes-worker kernel: [    0.482343] pci 0000:00:02.0: BAR 2: assigned to efifb
Nov  6 09:37:00 kubernetes-worker kernel: [    0.482352] pci 0000:00:02.0: Video device with shadowed ROM at [mem 0x000c0000-0x000dffff]
Nov  6 09:37:00 kubernetes-worker kernel: [    0.483003] pci 0000:00:0e.0: [8086:3198] type 00 class 0x040300
Nov  6 09:37:00 kubernetes-worker kernel: [    0.483035] pci 0000:00:0e.0: reg 0x10: [mem 0xa1310000-0xa1313fff 64bit]
Nov  6 09:37:00 kubernetes-worker kernel: [    0.483082] pci 0000:00:0e.0: reg 0x20: [mem 0xa1000000-0xa10fffff 64bit]
Nov  6 09:37:00 kubernetes-worker kernel: [    0.483181] pci 0000:00:0e.0: PME# supported from D0 D3hot D3cold
Nov  6 09:37:00 kubernetes-worker kernel: [    0.484110] pci 0000:00:0f.0: [8086:319a] type 00 class 0x078000
Nov  6 09:37:00 kubernetes-worker kernel: [    0.484153] pci 0000:00:0f.0: reg 0x10: [mem 0xa1317000-0xa1317fff 64bit]
Nov  6 09:37:00 kubernetes-worker kernel: [    0.484308] pci 0000:00:0f.0: PME# supported from D3hot
Nov  6 09:37:00 kubernetes-worker kernel: [    0.484562] pci 0000:00:12.0: [8086:31e3] type 00 class 0x010601
Nov  6 09:37:00 kubernetes-worker kernel: [    0.484585] pci 0000:00:12.0: reg 0x10: [mem 0xa1314000-0xa1315fff]
Nov  6 09:37:00 kubernetes-worker kernel: [    0.484599] pci 0000:00:12.0: reg 0x14: [mem 0xa131e000-0xa131e0ff]
Nov  6 09:37:00 kubernetes-worker kernel: [    0.484612] pci 0000:00:12.0: reg 0x18: [io  0x3080-0x3087]
Nov  6 09:37:00 kubernetes-worker kernel: [    0.484626] pci 0000:00:12.0: reg 0x1c: [io  0x3088-0x308b]
Nov  6 09:37:00 kubernetes-worker kernel: [    0.484638] pci 0000:00:12.0: reg 0x20: [io  0x3060-0x307f]
Nov  6 09:37:00 kubernetes-worker kernel: [    0.484651] pci 0000:00:12.0: reg 0x24: [mem 0xa131c000-0xa131c7ff]
Nov  6 09:37:00 kubernetes-worker kernel: [    0.484715] pci 0000:00:12.0: PME# supported from D3hot
Nov  6 09:37:00 kubernetes-worker kernel: [    0.484929] pci 0000:00:14.0: [8086:31d6] type 01 class 0x060400
Nov  6 09:37:00 kubernetes-worker kernel: [    0.485052] pci 0000:00:14.0: PME# supported from D0 D3hot D3cold
Nov  6 09:37:00 kubernetes-worker kernel: [    0.485326] pci 0000:00:14.1: [8086:31d7] type 01 class 0x060400
Nov  6 09:37:00 kubernetes-worker kernel: [    0.485447] pci 0000:00:14.1: PME# supported from D0 D3hot D3cold
Nov  6 09:37:00 kubernetes-worker kernel: [    0.485743] pci 0000:00:15.0: [8086:31a8] type 00 class 0x0c0330
Nov  6 09:37:00 kubernetes-worker kernel: [    0.485769] pci 0000:00:15.0: reg 0x10: [mem 0xa1300000-0xa130ffff 64bit]
Nov  6 09:37:00 kubernetes-worker kernel: [    0.485879] pci 0000:00:15.0: PME# supported from D3hot D3cold
Nov  6 09:37:00 kubernetes-worker kernel: [    0.486165] pci 0000:00:17.0: [8086:31b4] type 00 class 0x118000
Nov  6 09:37:00 kubernetes-worker kernel: [    0.486196] pci 0000:00:17.0: reg 0x10: [mem 0xa1318000-0xa1318fff 64bit]
Nov  6 09:37:00 kubernetes-worker kernel: [    0.486218] pci 0000:00:17.0: reg 0x18: [mem 0xa1319000-0xa1319fff 64bit]
Nov  6 09:37:00 kubernetes-worker kernel: [    0.486486] pci 0000:00:17.1: [8086:31b6] type 00 class 0x118000
Nov  6 09:37:00 kubernetes-worker kernel: [    0.486519] pci 0000:00:17.1: reg 0x10: [mem 0xa131a000-0xa131afff 64bit]
Nov  6 09:37:00 kubernetes-worker kernel: [    0.486539] pci 0000:00:17.1: reg 0x18: [mem 0xa131b000-0xa131bfff 64bit]
Nov  6 09:37:00 kubernetes-worker kernel: [    0.486864] pci 0000:00:1f.0: [8086:31e8] type 00 class 0x060100
Nov  6 09:37:00 kubernetes-worker kernel: [    0.487376] pci 0000:00:1f.1: [8086:31d4] type 00 class 0x0c0500
Nov  6 09:37:00 kubernetes-worker kernel: [    0.487449] pci 0000:00:1f.1: reg 0x10: [mem 0xa131d000-0xa131d0ff 64bit]
Nov  6 09:37:00 kubernetes-worker kernel: [    0.487535] pci 0000:00:1f.1: reg 0x20: [io  0x3040-0x305f]
Nov  6 09:37:00 kubernetes-worker kernel: [    0.487875] pci 0000:01:00.0: [10ec:8168] type 00 class 0x020000
Nov  6 09:37:00 kubernetes-worker kernel: [    0.487905] pci 0000:01:00.0: reg 0x10: [io  0x2000-0x20ff]
Nov  6 09:37:00 kubernetes-worker kernel: [    0.487942] pci 0000:01:00.0: reg 0x18: [mem 0xa1204000-0xa1204fff 64bit]
Nov  6 09:37:00 kubernetes-worker kernel: [    0.487967] pci 0000:01:00.0: reg 0x20: [mem 0xa1200000-0xa1203fff 64bit]
Nov  6 09:37:00 kubernetes-worker kernel: [    0.487993] pci 0000:01:00.0: Upstream bridge's Max Payload Size set to 128 (was 256, max 256)
